Archive member included to satisfy reference by file (symbol)

lib/FreeRTOS-Kernel/libfreertos_kernel.a(queue.c.obj)
                              CMakeFiles/EcoStation_Edu.dir/C_/Program_Files/Raspberry_Pi/Pico_SDK_v1.5.1/pico-sdk/src/rp2_common/pico_lwip/lwip_freertos.c.obj (xQueueGenericCreate)
lib/FreeRTOS-Kernel/libfreertos_kernel.a(tasks.c.obj)
                              CMakeFiles/EcoStation_Edu.dir/src/main.cpp.obj (xTaskCreate)
lib/FreeRTOS-Kernel/libfreertos_kernel.a(timers.c.obj)
                              lib/FreeRTOS-Kernel/libfreertos_kernel.a(tasks.c.obj) (xTimerCreateTimerTask)
lib/FreeRTOS-Kernel/libfreertos_kernel.a(heap_4.c.obj)
                              lib/FreeRTOS-Kernel/libfreertos_kernel.a(queue.c.obj) (pvPortMalloc)
lib/FreeRTOS-Kernel/libfreertos_kernel.a(list.c.obj)
                              lib/FreeRTOS-Kernel/libfreertos_kernel.a(queue.c.obj) (vListInitialise)
lib/FreeRTOS-Kernel/portable/libfreertos_kernel_port.a(port.c.obj)
                              lib/FreeRTOS-Kernel/libfreertos_kernel.a(tasks.c.obj) (pxPortInitialiseStack)
c:/progra~1/raspbe~1/picosd~1.1/gcc-ar~1/bin/../lib/gcc/arm-none-eabi/10.3.1/thumb/v6-m/nofp\libgcc.a(_dvmd_tls.o)
                              CMakeFiles/EcoStation_Edu.dir/C_/Program_Files/Raspberry_Pi/Pico_SDK_v1.5.1/pico-sdk/src/rp2_common/pico_divider/divider.S.obj (__aeabi_idiv0)
c:/progra~1/raspbe~1/picosd~1.1/gcc-ar~1/bin/../lib/gcc/arm-none-eabi/10.3.1/../../../../arm-none-eabi/lib/thumb/v6-m/nofp\libg.a(lib_a-atoi.o)
                              CMakeFiles/EcoStation_Edu.dir/C_/Program_Files/Raspberry_Pi/Pico_SDK_v1.5.1/pico-sdk/lib/lwip/src/core/netif.c.obj (atoi)
c:/progra~1/raspbe~1/picosd~1.1/gcc-ar~1/bin/../lib/gcc/arm-none-eabi/10.3.1/../../../../arm-none-eabi/lib/thumb/v6-m/nofp\libg.a(lib_a-calloc.o)
                              CMakeFiles/EcoStation_Edu.dir/C_/Program_Files/Raspberry_Pi/Pico_SDK_v1.5.1/pico-sdk/src/rp2_common/pico_malloc/pico_malloc.c.obj (calloc)
c:/progra~1/raspbe~1/picosd~1.1/gcc-ar~1/bin/../lib/gcc/arm-none-eabi/10.3.1/../../../../arm-none-eabi/lib/thumb/v6-m/nofp\libg.a(lib_a-callocr.o)
                              c:/progra~1/raspbe~1/picosd~1.1/gcc-ar~1/bin/../lib/gcc/arm-none-eabi/10.3.1/../../../../arm-none-eabi/lib/thumb/v6-m/nofp\libg.a(lib_a-calloc.o) (_calloc_r)
c:/progra~1/raspbe~1/picosd~1.1/gcc-ar~1/bin/../lib/gcc/arm-none-eabi/10.3.1/../../../../arm-none-eabi/lib/thumb/v6-m/nofp\libg.a(lib_a-ctype_.o)
                              CMakeFiles/EcoStation_Edu.dir/C_/Program_Files/Raspberry_Pi/Pico_SDK_v1.5.1/pico-sdk/lib/lwip/src/core/dns.c.obj (_ctype_)
c:/progra~1/raspbe~1/picosd~1.1/gcc-ar~1/bin/../lib/gcc/arm-none-eabi/10.3.1/../../../../arm-none-eabi/lib/thumb/v6-m/nofp\libg.a(lib_a-errno.o)
                              c:/progra~1/raspbe~1/picosd~1.1/gcc-ar~1/bin/../lib/gcc/arm-none-eabi/10.3.1/../../../../arm-none-eabi/lib/thumb/v6-m/nofp\libg.a(lib_a-callocr.o) (__errno)
c:/progra~1/raspbe~1/picosd~1.1/gcc-ar~1/bin/../lib/gcc/arm-none-eabi/10.3.1/../../../../arm-none-eabi/lib/thumb/v6-m/nofp\libg.a(lib_a-impure.o)
                              c:/progra~1/raspbe~1/picosd~1.1/gcc-ar~1/bin/../lib/gcc/arm-none-eabi/10.3.1/../../../../arm-none-eabi/lib/thumb/v6-m/nofp\libg.a(lib_a-calloc.o) (_impure_ptr)
c:/progra~1/raspbe~1/picosd~1.1/gcc-ar~1/bin/../lib/gcc/arm-none-eabi/10.3.1/../../../../arm-none-eabi/lib/thumb/v6-m/nofp\libg.a(lib_a-init.o)
                              c:/progra~1/raspbe~1/picosd~1.1/gcc-ar~1/bin/../lib/gcc/arm-none-eabi/10.3.1/../../../../arm-none-eabi/lib/thumb/v6-m/nofp/crt0.o (__libc_init_array)
c:/progra~1/raspbe~1/picosd~1.1/gcc-ar~1/bin/../lib/gcc/arm-none-eabi/10.3.1/../../../../arm-none-eabi/lib/thumb/v6-m/nofp\libg.a(lib_a-malloc.o)
                              CMakeFiles/EcoStation_Edu.dir/C_/Program_Files/Raspberry_Pi/Pico_SDK_v1.5.1/pico-sdk/src/rp2_common/pico_malloc/pico_malloc.c.obj (malloc)
c:/progra~1/raspbe~1/picosd~1.1/gcc-ar~1/bin/../lib/gcc/arm-none-eabi/10.3.1/../../../../arm-none-eabi/lib/thumb/v6-m/nofp\libg.a(lib_a-mallocr.o)
                              c:/progra~1/raspbe~1/picosd~1.1/gcc-ar~1/bin/../lib/gcc/arm-none-eabi/10.3.1/../../../../arm-none-eabi/lib/thumb/v6-m/nofp\libg.a(lib_a-callocr.o) (_malloc_r)
c:/progra~1/raspbe~1/picosd~1.1/gcc-ar~1/bin/../lib/gcc/arm-none-eabi/10.3.1/../../../../arm-none-eabi/lib/thumb/v6-m/nofp\libg.a(lib_a-memcmp.o)
                              CMakeFiles/EcoStation_Edu.dir/C_/Program_Files/Raspberry_Pi/Pico_SDK_v1.5.1/pico-sdk/lib/lwip/src/netif/ethernet.c.obj (memcmp)
c:/progra~1/raspbe~1/picosd~1.1/gcc-ar~1/bin/../lib/gcc/arm-none-eabi/10.3.1/../../../../arm-none-eabi/lib/thumb/v6-m/nofp\libg.a(lib_a-memmove.o)
                              CMakeFiles/EcoStation_Edu.dir/C_/Program_Files/Raspberry_Pi/Pico_SDK_v1.5.1/pico-sdk/lib/lwip/src/core/def.c.obj (memmove)
[...]
Memory Configuration

Name             Origin             Length             Attributes
FLASH            0x10000000         0x00200000         xr
RAM              0x20000000         0x00040000         xrw
SCRATCH_X        0x20040000         0x00001000         xrw
SCRATCH_Y        0x20041000         0x00001000         xrw
*default*        0x00000000         0xffffffff

Linker script and memory map

LOAD c:/progra~1/raspbe~1/picosd~1.1/gcc-ar~1/bin/../lib/gcc/arm-none-eabi/10.3.1/thumb/v6-m/nofp/crti.o
LOAD c:/progra~1/raspbe~1/picosd~1.1/gcc-ar~1/bin/../lib/gcc/arm-none-eabi/10.3.1/thumb/v6-m/nofp/crtbegin.o
LOAD c:/progra~1/raspbe~1/picosd~1.1/gcc-ar~1/bin/../lib/gcc/arm-none-eabi/10.3.1/../../../../arm-none-eabi/lib/thumb/v6-m/nofp/crt0.o

.flash_begin    0x10000000        0x0
                0x10000000                __flash_binary_start = .

.boot2          0x10000000      0x100
                0x10000000                __boot2_start__ = .
 *(.boot2)
 .boot2         0x10000000      0x100 C:\Users\User\AppData\Local\Temp\ccyWGFgG.o
                0x10000100                __boot2_end__ = .
                0x00000001                ASSERT (((__boot2_end__ - __boot2_start__) == 0x100), ERROR: Pico second stage bootloader must be 256 bytes in size)

.text           0x10000100     0x8d40
                0x10000100                __logical_binary_start = .
 *(.vectors)
 .vectors       0x10000100       0xd4 CMakeFiles/EcoStation_Edu.dir/C_/Program_Files/Raspberry_Pi/Pico_SDK_v1.5.1/pico-sdk/src/rp2_common/pico_standard_link/crt0.S.obj
                0x10000100                __vectors
                0x10000100                __VECTOR_TABLE
                0x100001c0                __default_isrs_start
                0x100001c0                isr_invalid
                0x100001c2                isr_nmi
                0x100001c4                isr_hardfault
                0x100001c6                isr_svcall
                0x100001cc                isr_irq23
                0x100001cc                isr_irq18
                0x100001cc                isr_irq11
                0x100001cc                isr_irq5
                0x100001cc                isr_irq28
                0x100001cc                isr_irq19
                0x100001cc                isr_irq0
                0x100001cc                isr_irq6
                0x100001cc                isr_irq27
                0x100001cc                isr_irq12
                0x100001cc                isr_irq13
                0x100001cc                __unhandled_user_irq
                0x100001cc                isr_irq17
                0x100001cc                isr_irq14
                0x100001cc                isr_irq30
                0x100001cc                isr_irq2
                0x100001cc                isr_irq10
                0x100001cc                isr_irq8
                0x100001cc                isr_irq24
                0x100001cc                isr_irq1
                0x100001cc                isr_irq7
                0x100001cc                isr_irq21
                0x100001cc                isr_irq20
                0x100001cc                isr_irq15
                0x100001cc                isr_irq25
                0x100001cc                isr_irq31
                0x100001cc                isr_irq22
                0x100001cc                isr_irq4
                0x100001cc                isr_irq16
                0x100001cc                isr_irq29
                0x100001cc                isr_irq26
                0x100001cc                __default_isrs_end
                0x100001cc                isr_irq3
                0x100001cc                isr_irq9
                0x100001d2                unhandled_user_irq_num_in_r0
 *(.binary_info_header)
 .binary_info_header
                0x100001d4       0x14 CMakeFiles/EcoStation_Edu.dir/C_/Program_Files/Raspberry_Pi/Pico_SDK_v1.5.1/pico-sdk/src/rp2_common/pico_standard_link/crt0.S.obj
                0x100001e8                __binary_info_header_end = .
 *(.reset)
 .reset         0x100001e8       0xa0 CMakeFiles/EcoStation_Edu.dir/C_/Program_Files/Raspberry_Pi/Pico_SDK_v1.5.1/pico-sdk/src/rp2_common/pico_standard_link/crt0.S.obj
                0x100001e8                _entry_point
 .reset         0x10000288       0x30 CMakeFiles/EcoStation_Edu.dir/C_/Program_Files/Raspberry_Pi/Pico_SDK_v1.5.1/pico-sdk/src/rp2_common/pico_standard_link/binary_info.c.obj
 *(.init)
 .init          0x100002b8        0x4 c:/progra~1/raspbe~1/picosd~1.1/gcc-ar~1/bin/../lib/gcc/arm-none-eabi/10.3.1/thumb/v6-m/nofp/crti.o
                0x100002b8                _init
 *(EXCLUDE_FILE(*libm.a: *libc.a:*lib_a-mem*.o *libgcc.a:) .text*)
 .text          0x100002bc       0x48 c:/progra~1/raspbe~1/picosd~1.1/gcc-ar~1/bin/../lib/gcc/arm-none-eabi/10.3.1/thumb/v6-m/nofp/crtbegin.o
 .text.vEventGroupSetBitsCallback
                0x10000304        0x2 CMakeFiles/EcoStation_Edu.dir/src/main.cpp.obj
                0x10000304                vEventGroupSetBitsCallback
 *fill*         0x10000306        0x2 
 .text._Z16scan_i2c_ao_vivov
                0x10000308       0xa4 CMakeFiles/EcoStation_Edu.dir/src/main.cpp.obj
                0x10000308                scan_i2c_ao_vivo()
 .text._Z14task_principalPv
                0x100003ac      0x330 CMakeFiles/EcoStation_Edu.dir/src/main.cpp.obj
                0x100003ac                task_principal(void*)
 .text.main     0x100006dc       0x7c CMakeFiles/EcoStation_Edu.dir/src/main.cpp.obj
                0x100006dc                main
 .text.cmd      0x10000758       0x1e CMakeFiles/EcoStation_Edu.dir/src/ssd1306.c.obj
 *fill*         0x10000776        0x2 
 .text.ssd1306_init
                0x10000778       0x54 CMakeFiles/EcoStation_Edu.dir/src/ssd1306.c.obj
                0x10000778                ssd1306_init
 .text.ssd1306_fill
                0x100007cc       0x18 CMakeFiles/EcoStation_Edu.dir/src/ssd1306.c.obj
                0x100007cc                ssd1306_fill
 .text.ssd1306_draw_string
                0x100007e4       0x5c CMakeFiles/EcoStation_Edu.dir/src/ssd1306.c.obj
                0x100007e4                ssd1306_draw_string
 .text.ssd1306_show
                0x10000840       0x5e CMakeFiles/EcoStation_Edu.dir/src/ssd1306.c.obj
                0x10000840                ssd1306_show
 *fill*         0x1000089e        0x2 
 .text.gpio_set_function
                0x100008a0       0x30 CMakeFiles/EcoStation_Edu.dir/C_/Program_Files/Raspberry_Pi/Pico_SDK_v1.5.1/pico-sdk/src/rp2_common/hardware_gpio/gpio.c.obj
                0x100008a0                gpio_set_function
 .text.gpio_set_pulls
                0x100008d0       0x34 CMakeFiles/EcoStation_Edu.dir/C_/Program_Files/Raspberry_Pi/Pico_SDK_v1.5.1/pico-sdk/src/rp2_common/hardware_gpio/gpio.c.obj
                0x100008d0                gpio_set_pulls
 .text.gpio_set_input_enabled
                0x10000904       0x30 CMakeFiles/EcoStation_Edu.dir/C_/Program_Files/Raspberry_Pi/Pico_SDK_v1.5.1/pico-sdk/src/rp2_common/hardware_gpio/gpio.c.obj
                0x10000904                gpio_set_input_enabled
 .text.gpio_init
                0x10000934       0x16 CMakeFiles/EcoStation_Edu.dir/C_/Program_Files/Raspberry_Pi/Pico_SDK_v1.5.1/pico-sdk/src/rp2_common/hardware_gpio/gpio.c.obj
                0x10000934                gpio_init
 *fill*         0x1000094a        0x2 
 .text.running_on_fpga
                0x1000094c       0x14 CMakeFiles/EcoStation_Edu.dir/C_/Program_Files/Raspberry_Pi/Pico_SDK_v1.5.1/pico-sdk/src/rp2_common/pico_platform/platform.c.obj
                0x1000094c                running_on_fpga
 .text.hw_claim_lock
                0x10000960       0x18 CMakeFiles/EcoStation_Edu.dir/C_/Program_Files/Raspberry_Pi/Pico_SDK_v1.5.1/pico-sdk/src/rp2_common/hardware_claim/claim.c.obj
                0x10000960                hw_claim_lock
 .text.hw_claim_unlock
                0x10000978       0x14 CMakeFiles/EcoStation_Edu.dir/C_/Program_Files/Raspberry_Pi/Pico_SDK_v1.5.1/pico-sdk/src/rp2_common/hardware_claim/claim.c.obj
                0x10000978                hw_claim_unlock
 .text.hw_claim_or_assert
                0x1000098c       0x32 CMakeFiles/EcoStation_Edu.dir/C_/Program_Files/Raspberry_Pi/Pico_SDK_v1.5.1/pico-sdk/src/rp2_common/hardware_claim/claim.c.obj
                0x1000098c                hw_claim_or_assert
 .text.hw_claim_unused_from_range
                0x100009be       0x50 CMakeFiles/EcoStation_Edu.dir/C_/Program_Files/Raspberry_Pi/Pico_SDK_v1.5.1/pico-sdk/src/rp2_common/hardware_claim/claim.c.obj
                0x100009be                hw_claim_unused_from_range
 *fill*         0x10000a0e        0x2 
 .text.spin_locks_reset
                0x10000a10       0x20 CMakeFiles/EcoStation_Edu.dir/C_/Program_Files/Raspberry_Pi/Pico_SDK_v1.5.1/pico-sdk/src/rp2_common/hardware_sync/sync.c.obj
                0x10000a10                spin_locks_reset
 .text.next_striped_spin_lock_num
                0x10000a30       0x1c CMakeFiles/EcoStation_Edu.dir/C_/Program_Files/Raspberry_Pi/Pico_SDK_v1.5.1/pico-sdk/src/rp2_common/hardware_sync/sync.c.obj
                0x10000a30                next_striped_spin_lock_num
 .text.spin_lock_claim_unused
                0x10000a4c       0x20 CMakeFiles/EcoStation_Edu.dir/C_/Program_Files/Raspberry_Pi/Pico_SDK_v1.5.1/pico-sdk/src/rp2_common/hardware_sync/sync.c.obj
                0x10000a4c                spin_lock_claim_unused
 .text.set_raw_irq_handler_and_unlock
                0x10000a6c       0x28 CMakeFiles/EcoStation_Edu.dir/C_/Program_Files/Raspberry_Pi/Pico_SDK_v1.5.1/pico-sdk/src/rp2_common/hardware_irq/irq.c.obj
 .text.make_branch
                0x10000a94       0x48 CMakeFiles/EcoStation_Edu.dir/C_/Program_Files/Raspberry_Pi/Pico_SDK_v1.5.1/pico-sdk/src/rp2_common/hardware_irq/irq.c.obj
 .text.insert_branch_and_link
                0x10000adc       0x40 CMakeFiles/EcoStation_Edu.dir/C_/Program_Files/Raspberry_Pi/Pico_SDK_v1.5.1/pico-sdk/src/rp2_common/hardware_irq/irq.c.obj
 .text.irq_is_enabled
                0x10000b1c       0x18 CMakeFiles/EcoStation_Edu.dir/C_/Program_Files/Raspberry_Pi/Pico_SDK_v1.5.1/pico-sdk/src/rp2_common/hardware_irq/irq.c.obj
                0x10000b1c                irq_is_enabled
 .text.irq_set_mask_enabled
                0x10000b34       0x20 CMakeFiles/EcoStation_Edu.dir/C_/Program_Files/Raspberry_Pi/Pico_SDK_v1.5.1/pico-sdk/src/rp2_common/hardware_irq/irq.c.obj
                0x10000b34                irq_set_mask_enabled
 .text.irq_set_enabled
                0x10000b54        0xe CMakeFiles/EcoStation_Edu.dir/C_/Program_Files/Raspberry_Pi/Pico_SDK_v1.5.1/pico-sdk/src/rp2_common/hardware_irq/irq.c.obj
                0x10000b54                irq_set_enabled
 *fill*         0x10000b62        0x2 
 .text.irq_set_pending
                0x10000b64       0x10 CMakeFiles/EcoStation_Edu.dir/C_/Program_Files/Raspberry_Pi/Pico_SDK_v1.5.1/pico-sdk/src/rp2_common/hardware_irq/irq.c.obj
                0x10000b64                irq_set_pending
 .text.irq_get_vtable_handler
                0x10000b74       0x10 CMakeFiles/EcoStation_Edu.dir/C_/Program_Files/Raspberry_Pi/Pico_SDK_v1.5.1/pico-sdk/src/rp2_common/hardware_irq/irq.c.obj
                0x10000b74                irq_get_vtable_handler
 .text.irq_has_shared_handler
                0x10000b84       0x24 CMakeFiles/EcoStation_Edu.dir/C_/Program_Files/Raspberry_Pi/Pico_SDK_v1.5.1/pico-sdk/src/rp2_common/hardware_irq/irq.c.obj
                0x10000b84                irq_has_shared_handler
 .text.irq_set_exclusive_handler
                0x10000ba8       0x54 CMakeFiles/EcoStation_Edu.dir/C_/Program_Files/Raspberry_Pi/Pico_SDK_v1.5.1/pico-sdk/src/rp2_common/hardware_irq/irq.c.obj
                0x10000ba8                irq_set_exclusive_handler
 .text.irq_add_shared_handler
                0x10000bfc      0x234 CMakeFiles/EcoStation_Edu.dir/C_/Program_Files/Raspberry_Pi/Pico_SDK_v1.5.1/pico-sdk/src/rp2_common/hardware_irq/irq.c.obj
                0x10000bfc                irq_add_shared_handler
 .text.irq_remove_handler
                0x10000e30      0x1ac CMakeFiles/EcoStation_Edu.dir/C_/Program_Files/Raspberry_Pi/Pico_SDK_v1.5.1/pico-sdk/src/rp2_common/hardware_irq/irq.c.obj
                0x10000e30                irq_remove_handler
 .text.irq_set_priority
                0x10000fdc       0x28 CMakeFiles/EcoStation_Edu.dir/C_/Program_Files/Raspberry_Pi/Pico_SDK_v1.5.1/pico-sdk/src/rp2_common/hardware_irq/irq.c.obj
                0x10000fdc                irq_set_priority
 .text.irq_add_tail_to_free_list
                0x10001004       0xf0 CMakeFiles/EcoStation_Edu.dir/C_/Program_Files/Raspberry_Pi/Pico_SDK_v1.5.1/pico-sdk/src/rp2_common/hardware_irq/irq.c.obj
                0x10001004                irq_add_tail_to_free_list
 .text.irq_init_priorities
                0x100010f4       0x1c CMakeFiles/EcoStation_Edu.dir/C_/Program_Files/Raspberry_Pi/Pico_SDK_v1.5.1/pico-sdk/src/rp2_common/hardware_irq/irq.c.obj
                0x100010f4                irq_init_priorities
 .text.user_irq_claim_unused
                0x10001110       0x28 CMakeFiles/EcoStation_Edu.dir/C_/Program_Files/Raspberry_Pi/Pico_SDK_v1.5.1/pico-sdk/src/rp2_common/hardware_irq/irq.c.obj
                0x10001110                user_irq_claim_unused
 .text.lock_init
                0x10001138       0x10 CMakeFiles/EcoStation_Edu.dir/C_/Program_Files/Raspberry_Pi/Pico_SDK_v1.5.1/pico-sdk/src/common/pico_sync/lock_core.c.obj
                0x10001138                lock_init
 .text.mutex_init
                0x10001148       0x1a CMakeFiles/EcoStation_Edu.dir/C_/Program_Files/Raspberry_Pi/Pico_SDK_v1.5.1/pico-sdk/src/common/pico_sync/mutex.c.obj
                0x10001148                mutex_init
 .text.recursive_mutex_init
                0x10001162       0x1e CMakeFiles/EcoStation_Edu.dir/C_/Program_Files/Raspberry_Pi/Pico_SDK_v1.5.1/pico-sdk/src/common/pico_sync/mutex.c.obj
                0x10001162                recursive_mutex_init
 .text.critical_section_init_with_lock_num
                0x10001180       0x14 CMakeFiles/EcoStation_Edu.dir/C_/Program_Files/Raspberry_Pi/Pico_SDK_v1.5.1/pico-sdk/src/common/pico_sync/critical_section.c.obj
                0x10001180                critical_section_init_with_lock_num
 .text.critical_section_init
                0x10001194       0x14 CMakeFiles/EcoStation_Edu.dir/C_/Program_Files/Raspberry_Pi/Pico_SDK_v1.5.1/pico-sdk/src/common/pico_sync/critical_section.c.obj
                0x10001194                critical_section_init
 .text.alarm_pool_post_alloc_init
                0x100011a8       0x40 CMakeFiles/EcoStation_Edu.dir/C_/Program_Files/Raspberry_Pi/Pico_SDK_v1.5.1/pico-sdk/src/common/pico_time/time.c.obj
 .text.sleep_until_callback
                0x100011e8       0x30 CMakeFiles/EcoStation_Edu.dir/C_/Program_Files/Raspberry_Pi/Pico_SDK_v1.5.1/pico-sdk/src/common/pico_time/time.c.obj
 .text.timer_pool_entry_comparator
                0x10001218       0x7c CMakeFiles/EcoStation_Edu.dir/C_/Program_Files/Raspberry_Pi/Pico_SDK_v1.5.1/pico-sdk/src/common/pico_time/time.c.obj
                0x10001218                timer_pool_entry_comparator
 .text.ph_add_child_node
                0x10001294       0xa4 CMakeFiles/EcoStation_Edu.dir/C_/Program_Files/Raspberry_Pi/Pico_SDK_v1.5.1/pico-sdk/src/common/pico_time/time.c.obj
 .text.ph_merge_nodes
                0x10001338       0x3e CMakeFiles/EcoStation_Edu.dir/C_/Program_Files/Raspberry_Pi/Pico_SDK_v1.5.1/pico-sdk/src/common/pico_time/time.c.obj
 *fill*         0x10001376        0x2 
 .text.add_alarm_under_lock
                0x10001378      0x174 CMakeFiles/EcoStation_Edu.dir/C_/Program_Files/Raspberry_Pi/Pico_SDK_v1.5.1/pico-sdk/src/common/pico_time/time.c.obj
 .text.alarm_pool_alarm_callback
                0x100014ec      0x33c CMakeFiles/EcoStation_Edu.dir/C_/Program_Files/Raspberry_Pi/Pico_SDK_v1.5.1/pico-sdk/src/common/pico_time/time.c.obj
 .text.alarm_pool_init_default
                0x10001828       0x40 CMakeFiles/EcoStation_Edu.dir/C_/Program_Files/Raspberry_Pi/Pico_SDK_v1.5.1/pico-sdk/src/common/pico_time/time.c.obj
                0x10001828                alarm_pool_init_default
 .text.alarm_pool_get_default
                0x10001868       0x2c CMakeFiles/EcoStation_Edu.dir/C_/Program_Files/Raspberry_Pi/Pico_SDK_v1.5.1/pico-sdk/src/common/pico_time/time.c.obj
                0x10001868                alarm_pool_get_default
 .text.alarm_pool_add_alarm_at
                0x10001894      0x168 CMakeFiles/EcoStation_Edu.dir/C_/Program_Files/Raspberry_Pi/Pico_SDK_v1.5.1/pico-sdk/src/common/pico_time/time.c.obj
                0x10001894                alarm_pool_add_alarm_at
 .text.alarm_pool_cancel_alarm
                0x100019fc       0xf8 CMakeFiles/EcoStation_Edu.dir/C_/Program_Files/Raspberry_Pi/Pico_SDK_v1.5.1/pico-sdk/src/common/pico_time/time.c.obj
                0x100019fc                alarm_pool_cancel_alarm
 .text.alarm_pool_core_num
                0x10001af4        0x4 CMakeFiles/EcoStation_Edu.dir/C_/Program_Files/Raspberry_Pi/Pico_SDK_v1.5.1/pico-sdk/src/common/pico_time/time.c.obj
                0x10001af4                alarm_pool_core_num
 .text.sleep_until
                0x10001af8       0xfc CMakeFiles/EcoStation_Edu.dir/C_/Program_Files/Raspberry_Pi/Pico_SDK_v1.5.1/pico-sdk/src/common/pico_time/time.c.obj
                0x10001af8                sleep_until
 .text.sleep_us
                0x10001bf4       0x58 CMakeFiles/EcoStation_Edu.dir/C_/Program_Files/Raspberry_Pi/Pico_SDK_v1.5.1/pico-sdk/src/common/pico_time/time.c.obj
                0x10001bf4                sleep_us
 .text.sleep_ms
                0x10001c4c       0x14 CMakeFiles/EcoStation_Edu.dir/C_/Program_Files/Raspberry_Pi/Pico_SDK_v1.5.1/pico-sdk/src/common/pico_time/time.c.obj
                0x10001c4c                sleep_ms
 .text.best_effort_wfe_or_timeout
                0x10001c60       0xac CMakeFiles/EcoStation_Edu.dir/C_/Program_Files/Raspberry_Pi/Pico_SDK_v1.5.1/pico-sdk/src/common/pico_time/time.c.obj
                0x10001c60                best_effort_wfe_or_timeout
 .text.check_single_timeout_us
                0x10001d0c       0x2c CMakeFiles/EcoStation_Edu.dir/C_/Program_Files/Raspberry_Pi/Pico_SDK_v1.5.1/pico-sdk/src/common/pico_time/timeout_helper.c.obj
 .text.init_single_timeout_until
                0x10001d38        0xc CMakeFiles/EcoStation_Edu.dir/C_/Program_Files/Raspberry_Pi/Pico_SDK_v1.5.1/pico-sdk/src/common/pico_time/timeout_helper.c.obj
                0x10001d38                init_single_timeout_until
 .text.hardware_alarm_irq_handler
                0x10001d44       0x90 CMakeFiles/EcoStation_Edu.dir/C_/Program_Files/Raspberry_Pi/Pico_SDK_v1.5.1/pico-sdk/src/rp2_common/hardware_timer/timer.c.obj
 .text.hardware_alarm_claim
                0x10001dd4       0x18 CMakeFiles/EcoStation_Edu.dir/C_/Program_Files/Raspberry_Pi/Pico_SDK_v1.5.1/pico-sdk/src/rp2_common/hardware_timer/timer.c.obj
                0x10001dd4                hardware_alarm_claim
 .text.time_us_64
                0x10001dec       0x18 CMakeFiles/EcoStation_Edu.dir/C_/Program_Files/Raspberry_Pi/Pico_SDK_v1.5.1/pico-sdk/src/rp2_common/hardware_timer/timer.c.obj
                0x10001dec                time_us_64
 .text.busy_wait_until
                0x10001e04       0x28 CMakeFiles/EcoStation_Edu.dir/C_/Program_Files/Raspberry_Pi/Pico_SDK_v1.5.1/pico-sdk/src/rp2_common/hardware_timer/timer.c.obj
                0x10001e04                busy_wait_until
 .text.busy_wait_us
                0x10001e2c       0x48 CMakeFiles/EcoStation_Edu.dir/C_/Program_Files/Raspberry_Pi/Pico_SDK_v1.5.1/pico-sdk/src/rp2_common/hardware_timer/timer.c.obj
                0x10001e2c                busy_wait_us
 .text.hardware_alarm_set_callback
                0x10001e74       0x90 CMakeFiles/EcoStation_Edu.dir/C_/Program_Files/Raspberry_Pi/Pico_SDK_v1.5.1/pico-sdk/src/rp2_common/hardware_timer/timer.c.obj
                0x10001e74                hardware_alarm_set_callback
 .text.hardware_alarm_set_target
                0x10001f04       0xe8 CMakeFiles/EcoStation_Edu.dir/C_/Program_Files/Raspberry_Pi/Pico_SDK_v1.5.1/pico-sdk/src/rp2_common/hardware_timer/timer.c.obj
                0x10001f04                hardware_alarm_set_target
 .text.hardware_alarm_cancel
                0x10001fec       0x40 CMakeFiles/EcoStation_Edu.dir/C_/Program_Files/Raspberry_Pi/Pico_SDK_v1.5.1/pico-sdk/src/rp2_common/hardware_timer/timer.c.obj
                0x10001fec                hardware_alarm_cancel
 .text.ph_add_child_node
                0x1000202c       0xa4 CMakeFiles/EcoStation_Edu.dir/C_/Program_Files/Raspberry_Pi/Pico_SDK_v1.5.1/pico-sdk/src/common/pico_util/pheap.c.obj
 .text.ph_merge_nodes
                0x100020d0       0x3e CMakeFiles/EcoStation_Edu.dir/C_/Program_Files/Raspberry_Pi/Pico_SDK_v1.5.1/pico-sdk/src/common/pico_util/pheap.c.obj
 *fill*         0x1000210e        0x2 
 .text.ph_clear
                0x10002110       0x70 CMakeFiles/EcoStation_Edu.dir/C_/Program_Files/Raspberry_Pi/Pico_SDK_v1.5.1/pico-sdk/src/common/pico_util/pheap.c.obj
                0x10002110                ph_clear
 .text.ph_post_alloc_init
                0x10002180        0xe CMakeFiles/EcoStation_Edu.dir/C_/Program_Files/Raspberry_Pi/Pico_SDK_v1.5.1/pico-sdk/src/common/pico_util/pheap.c.obj
                0x10002180                ph_post_alloc_init
 *fill*         0x1000218e        0x2 
 .text.ph_merge_two_pass
                0x10002190       0xa8 CMakeFiles/EcoStation_Edu.dir/C_/Program_Files/Raspberry_Pi/Pico_SDK_v1.5.1/pico-sdk/src/common/pico_util/pheap.c.obj
                0x10002190                ph_merge_two_pass
 .text.ph_remove_any_head
                0x10002238      0x128 CMakeFiles/EcoStation_Edu.dir/C_/Program_Files/Raspberry_Pi/Pico_SDK_v1.5.1/pico-sdk/src/common/pico_util/pheap.c.obj
 .text.ph_remove_head
                0x10002360       0x14 CMakeFiles/EcoStation_Edu.dir/C_/Program_Files/Raspberry_Pi/Pico_SDK_v1.5.1/pico-sdk/src/common/pico_util/pheap.c.obj
                0x10002360                ph_remove_head
 .text.ph_remove_and_free_node
                0x10002374       0xf8 CMakeFiles/EcoStation_Edu.dir/C_/Program_Files/Raspberry_Pi/Pico_SDK_v1.5.1/pico-sdk/src/common/pico_util/pheap.c.obj
                0x10002374                ph_remove_and_free_node
 .text.uart_disable_before_lcr_write
                0x1000246c       0x48 CMakeFiles/EcoStation_Edu.dir/C_/Program_Files/Raspberry_Pi/Pico_SDK_v1.5.1/pico-sdk/src/rp2_common/hardware_uart/uart.c.obj
 .text.uart_write_lcr_bits_masked
                0x100024b4       0x22 CMakeFiles/EcoStation_Edu.dir/C_/Program_Files/Raspberry_Pi/Pico_SDK_v1.5.1/pico-sdk/src/rp2_common/hardware_uart/uart.c.obj
 *fill*         0x100024d6        0x2 
 .text.uart_set_baudrate
                0x100024d8       0x5c CMakeFiles/EcoStation_Edu.dir/C_/Program_Files/Raspberry_Pi/Pico_SDK_v1.5.1/pico-sdk/src/rp2_common/hardware_uart/uart.c.obj
                0x100024d8                uart_set_baudrate
 .text.uart_set_format
                0x10002534       0x2c CMakeFiles/EcoStation_Edu.dir/C_/Program_Files/Raspberry_Pi/Pico_SDK_v1.5.1/pico-sdk/src/rp2_common/hardware_uart/uart.c.obj
                0x10002534                uart_set_format
 .text.uart_set_translate_crlf
                0x10002560       0x28 CMakeFiles/EcoStation_Edu.dir/C_/Program_Files/Raspberry_Pi/Pico_SDK_v1.5.1/pico-sdk/src/rp2_common/hardware_uart/uart.c.obj
                0x10002560                uart_set_translate_crlf
 .text.uart_init
                0x10002588       0x80 CMakeFiles/EcoStation_Edu.dir/C_/Program_Files/Raspberry_Pi/Pico_SDK_v1.5.1/pico-sdk/src/rp2_common/hardware_uart/uart.c.obj
                0x10002588                uart_init
 .text.clock_configure
                0x10002608      0x108 CMakeFiles/EcoStation_Edu.dir/C_/Program_Files/Raspberry_Pi/Pico_SDK_v1.5.1/pico-sdk/src/rp2_common/hardware_clocks/clocks.c.obj
                0x10002608                clock_configure
 .text.clocks_init
                0x10002710      0x100 CMakeFiles/EcoStation_Edu.dir/C_/Program_Files/Raspberry_Pi/Pico_SDK_v1.5.1/pico-sdk/src/rp2_common/hardware_clocks/clocks.c.obj
                0x10002710                clocks_init
 .text.clock_get_hz
                0x10002810        0xc CMakeFiles/EcoStation_Edu.dir/C_/Program_Files/Raspberry_Pi/Pico_SDK_v1.5.1/pico-sdk/src/rp2_common/hardware_clocks/clocks.c.obj
                0x10002810                clock_get_hz
 .text.pll_init
                0x1000281c      0x120 CMakeFiles/EcoStation_Edu.dir/C_/Program_Files/Raspberry_Pi/Pico_SDK_v1.5.1/pico-sdk/src/rp2_common/hardware_pll/pll.c.obj
                0x1000281c                pll_init
 .text.watchdog_start_tick
                0x1000293c       0x10 CMakeFiles/EcoStation_Edu.dir/C_/Program_Files/Raspberry_Pi/Pico_SDK_v1.5.1/pico-sdk/src/rp2_common/hardware_watchdog/watchdog.c.obj
                0x1000293c                watchdog_start_tick
 .text.watchdog_update
                0x1000294c       0x14 CMakeFiles/EcoStation_Edu.dir/C_/Program_Files/Raspberry_Pi/Pico_SDK_v1.5.1/pico-sdk/src/rp2_common/hardware_watchdog/watchdog.c.obj
                0x1000294c                watchdog_update
 .text._watchdog_enable
                0x10002960       0x78 CMakeFiles/EcoStation_Edu.dir/C_/Program_Files/Raspberry_Pi/Pico_SDK_v1.5.1/pico-sdk/src/rp2_common/hardware_watchdog/watchdog.c.obj
                0x10002960                _watchdog_enable
 .text.watchdog_reboot
                0x100029d8       0x48 CMakeFiles/EcoStation_Edu.dir/C_/Program_Files/Raspberry_Pi/Pico_SDK_v1.5.1/pico-sdk/src/rp2_common/hardware_watchdog/watchdog.c.obj
                0x100029d8                watchdog_reboot
 .text.xosc_init
                0x10002a20       0x28 CMakeFiles/EcoStation_Edu.dir/C_/Program_Files/Raspberry_Pi/Pico_SDK_v1.5.1/pico-sdk/src/rp2_common/hardware_xosc/xosc.c.obj
                0x10002a20                xosc_init
 .text._exit    0x10002a48        0x4 CMakeFiles/EcoStation_Edu.dir/C_/Program_Files/Raspberry_Pi/Pico_SDK_v1.5.1/pico-sdk/src/rp2_common/pico_runtime/runtime.c.obj
                0x10002a48                _exit
 .text.exit     0x10002a4c        0x6 CMakeFiles/EcoStation_Edu.dir/C_/Program_Files/Raspberry_Pi/Pico_SDK_v1.5.1/pico-sdk/src/rp2_common/pico_runtime/runtime.c.obj
                0x10002a4c                exit
 *fill*         0x10002a52        0x2 
 .text.__assert_func
                0x10002a54       0x3c CMakeFiles/EcoStation_Edu.dir/C_/Program_Files/Raspberry_Pi/Pico_SDK_v1.5.1/pico-sdk/src/rp2_common/pico_runtime/runtime.c.obj
                0x10002a54                __assert_func
 .text.runtime_init
                0x10002a90       0xf8 CMakeFiles/EcoStation_Edu.dir/C_/Program_Files/Raspberry_Pi/Pico_SDK_v1.5.1/pico-sdk/src/rp2_common/pico_runtime/runtime.c.obj
                0x10002a90                runtime_init
 .text.panic    0x10002b88       0x30 CMakeFiles/EcoStation_Edu.dir/C_/Program_Files/Raspberry_Pi/Pico_SDK_v1.5.1/pico-sdk/src/rp2_common/pico_runtime/runtime.c.obj
                0x10002b88                panic
 .text.panic_unsupported
                0x10002bb8        0xc CMakeFiles/EcoStation_Edu.dir/C_/Program_Files/Raspberry_Pi/Pico_SDK_v1.5.1/pico-sdk/src/rp2_common/pico_runtime/runtime.c.obj
                0x10002bb8                panic_unsupported
 .text._out_buffer
                0x10002bc4        0x8 CMakeFiles/EcoStation_Edu.dir/C_/Program_Files/Raspberry_Pi/Pico_SDK_v1.5.1/pico-sdk/src/rp2_common/pico_printf/printf.c.obj
 .text._out_null
                0x10002bcc        0x2 CMakeFiles/EcoStation_Edu.dir/C_/Program_Files/Raspberry_Pi/Pico_SDK_v1.5.1/pico-sdk/src/rp2_common/pico_printf/printf.c.obj
 .text._out_fct
                0x10002bce        0xe CMakeFiles/EcoStation_Edu.dir/C_/Program_Files/Raspberry_Pi/Pico_SDK_v1.5.1/pico-sdk/src/rp2_common/pico_printf/printf.c.obj
 .text._atoi    0x10002bdc       0x24 CMakeFiles/EcoStation_Edu.dir/C_/Program_Files/Raspberry_Pi/Pico_SDK_v1.5.1/pico-sdk/src/rp2_common/pico_printf/printf.c.obj
 .text._out_rev
                0x10002c00       0xae CMakeFiles/EcoStation_Edu.dir/C_/Program_Files/Raspberry_Pi/Pico_SDK_v1.5.1/pico-sdk/src/rp2_common/pico_printf/printf.c.obj
 .text._ntoa_format
                0x10002cae      0x112 CMakeFiles/EcoStation_Edu.dir/C_/Program_Files/Raspberry_Pi/Pico_SDK_v1.5.1/pico-sdk/src/rp2_common/pico_printf/printf.c.obj
 .text._ntoa_long
                0x10002dc0       0xbc CMakeFiles/EcoStation_Edu.dir/C_/Program_Files/Raspberry_Pi/Pico_SDK_v1.5.1/pico-sdk/src/rp2_common/pico_printf/printf.c.obj
 .text._ntoa_long_long
                0x10002e7c       0xe2 CMakeFiles/EcoStation_Edu.dir/C_/Program_Files/Raspberry_Pi/Pico_SDK_v1.5.1/pico-sdk/src/rp2_common/pico_printf/printf.c.obj
 *fill*         0x10002f5e        0x2 
 .text._etoa    0x10002f60      0x414 CMakeFiles/EcoStation_Edu.dir/C_/Program_Files/Raspberry_Pi/Pico_SDK_v1.5.1/pico-sdk/src/rp2_common/pico_printf/printf.c.obj
 .text._ftoa    0x10003374      0x354 CMakeFiles/EcoStation_Edu.dir/C_/Program_Files/Raspberry_Pi/Pico_SDK_v1.5.1/pico-sdk/src/rp2_common/pico_printf/printf.c.obj
 .text._vsnprintf
                0x100036c8      0x624 CMakeFiles/EcoStation_Edu.dir/C_/Program_Files/Raspberry_Pi/Pico_SDK_v1.5.1/pico-sdk/src/rp2_common/pico_printf/printf.c.obj
 .text.__wrap_sprintf
                0x10003cec       0x28 CMakeFiles/EcoStation_Edu.dir/C_/Program_Files/Raspberry_Pi/Pico_SDK_v1.5.1/pico-sdk/src/rp2_common/pico_printf/printf.c.obj
                0x10003cec                __wrap_sprintf
 .text.vfctprintf
                0x10003d14       0x20 CMakeFiles/EcoStation_Edu.dir/C_/Program_Files/Raspberry_Pi/Pico_SDK_v1.5.1/pico-sdk/src/rp2_common/pico_printf/printf.c.obj
                0x10003d14                vfctprintf
 .text          0x10003d34       0x10 CMakeFiles/EcoStation_Edu.dir/C_/Program_Files/Raspberry_Pi/Pico_SDK_v1.5.1/pico-sdk/src/rp2_common/pico_bit_ops/bit_ops_aeabi.S.obj
 .text.rom_func_lookup
                0x10003d44       0x10 CMakeFiles/EcoStation_Edu.dir/C_/Program_Files/Raspberry_Pi/Pico_SDK_v1.5.1/pico-sdk/src/rp2_common/pico_bootrom/bootrom.c.obj
                0x10003d44                rom_func_lookup
 .text.rom_data_lookup
                0x10003d54       0x10 CMakeFiles/EcoStation_Edu.dir/C_/Program_Files/Raspberry_Pi/Pico_SDK_v1.5.1/pico-sdk/src/rp2_common/pico_bootrom/bootrom.c.obj
                0x10003d54                rom_data_lookup
 .text.rom_funcs_lookup
                0x10003d64       0x36 CMakeFiles/EcoStation_Edu.dir/C_/Program_Files/Raspberry_Pi/Pico_SDK_v1.5.1/pico-sdk/src/rp2_common/pico_bootrom/bootrom.c.obj
                0x10003d64                rom_funcs_lookup
 *fill*         0x10003d9a        0x2 
 .text.__wrap___aeabi_idiv
                0x10003d9c       0x50 CMakeFiles/EcoStation_Edu.dir/C_/Program_Files/Raspberry_Pi/Pico_SDK_v1.5.1/pico-sdk/src/rp2_common/pico_divider/divider.S.obj
                0x10003d9c                __wrap___aeabi_idivmod
                0x10003d9c                divmod_s32s32
                0x10003d9c                div_s32s32
                0x10003d9c                __wrap___aeabi_idiv
                0x10003da4                divmod_s32s32_unsafe
                0x10003dd0                divmod_s32s32_savestate
 .text.__wrap___aeabi_uidiv
                0x10003dec       0x4c CMakeFiles/EcoStation_Edu.dir/C_/Program_Files/Raspberry_Pi/Pico_SDK_v1.5.1/pico-sdk/src/rp2_common/pico_divider/divider.S.obj
                0x10003dec                __wrap___aeabi_uidiv
                0x10003dec                __wrap___aeabi_uidivmod
                0x10003dec                div_u32u32
                0x10003dec                divmod_u32u32
                0x10003df4                divmod_u32u32_unsafe
                0x10003e1c                divmod_u32u32_savestate
 .text.__wrap___aeabi_ldiv
                0x10003e38      0x424 CMakeFiles/EcoStation_Edu.dir/C_/Program_Files/Raspberry_Pi/Pico_SDK_v1.5.1/pico-sdk/src/rp2_common/pico_divider/divider.S.obj
                0x10003e38                div_s64s64
                0x10003e38                divmod_s64s64
                0x10003e38                __wrap___aeabi_ldivmod
                0x10003e68                divmod_u64u64
                0x10003e68                div_u64u64
                0x10003e68                __wrap___aeabi_uldivmod
                0x10003e78                divmod_u64u64_savestate
                0x10003e98                divmod_s64s64_unsafe
                0x10003f20                divmod_u64u64_unsafe
 .text.__wrap___aeabi_darithmetic
                0x1000425c       0x60 CMakeFiles/EcoStation_Edu.dir/C_/Program_Files/Raspberry_Pi/Pico_SDK_v1.5.1/pico-sdk/src/rp2_common/pico_double/double_aeabi.S.obj
                0x1000425c                __wrap___aeabi_drsub
                0x10004262                __wrap___aeabi_dsub
                0x1000426c                __wrap___aeabi_dadd
                0x10004276                __wrap___aeabi_ddiv
                0x100042aa                __wrap___aeabi_dmul
 .text.__wrap___aeabi_cdcmple
                0x100042bc       0x6c CMakeFiles/EcoStation_Edu.dir/C_/Program_Files/Raspberry_Pi/Pico_SDK_v1.5.1/pico-sdk/src/rp2_common/pico_double/double_aeabi.S.obj
                0x100042bc                __wrap___aeabi_cdrcmple
                0x100042cc                __wrap___aeabi_cdcmpeq
                0x100042cc                __wrap___aeabi_cdcmple
 .text.__wrap___aeabi_dcmplt
                0x10004328        0xc CMakeFiles/EcoStation_Edu.dir/C_/Program_Files/Raspberry_Pi/Pico_SDK_v1.5.1/pico-sdk/src/rp2_common/pico_double/double_aeabi.S.obj
                0x10004328                __wrap___aeabi_dcmplt
 .text.__wrap___aeabi_dcmple
                0x10004334       0x10 CMakeFiles/EcoStation_Edu.dir/C_/Program_Files/Raspberry_Pi/Pico_SDK_v1.5.1/pico-sdk/src/rp2_common/pico_double/double_aeabi.S.obj
                0x10004334                __wrap___aeabi_dcmple
 .text.__wrap___aeabi_dcmpge
                0x10004344       0x10 CMakeFiles/EcoStation_Edu.dir/C_/Program_Files/Raspberry_Pi/Pico_SDK_v1.5.1/pico-sdk/src/rp2_common/pico_double/double_aeabi.S.obj
                0x10004344                __wrap___aeabi_dcmpge
 .text.__wrap___aeabi_dcmpgt
                0x10004354        0xa CMakeFiles/EcoStation_Edu.dir/C_/Program_Files/Raspberry_Pi/Pico_SDK_v1.5.1/pico-sdk/src/rp2_common/pico_double/double_aeabi.S.obj
                0x10004354                __wrap___aeabi_dcmpgt
 .text.__wrap___aeabi_dcmpun
                0x1000435e       0x1c CMakeFiles/EcoStation_Edu.dir/C_/Program_Files/Raspberry_Pi/Pico_SDK_v1.5.1/pico-sdk/src/rp2_common/pico_double/double_aeabi.S.obj
                0x1000435e                __wrap___aeabi_dcmpun
 *fill*         0x1000437a        0x2 
 .text.__wrap___aeabi_i2d
                0x1000437c       0x38 CMakeFiles/EcoStation_Edu.dir/C_/Program_Files/Raspberry_Pi/Pico_SDK_v1.5.1/pico-sdk/src/rp2_common/pico_double/double_aeabi.S.obj
                0x1000437c                __wrap___aeabi_ui2d
                0x10004384                __wrap___aeabi_i2d
 .text.__wrap___aeabi_d2iz
                0x100043b4       0x48 CMakeFiles/EcoStation_Edu.dir/C_/Program_Files/Raspberry_Pi/Pico_SDK_v1.5.1/pico-sdk/src/rp2_common/pico_double/double_aeabi.S.obj
                0x100043b4                double2int_z
                0x100043b4                __wrap___aeabi_d2iz
 .text.__wrap___aeabi_d2uiz
                0x100043fc       0x10 CMakeFiles/EcoStation_Edu.dir/C_/Program_Files/Raspberry_Pi/Pico_SDK_v1.5.1/pico-sdk/src/rp2_common/pico_double/double_aeabi.S.obj
                0x100043fc                __wrap___aeabi_d2uiz
                0x100043fc                double2uint
 .text.missing_double_func_shim
                0x1000440c        0xc CMakeFiles/EcoStation_Edu.dir/C_/Program_Files/Raspberry_Pi/Pico_SDK_v1.5.1/pico-sdk/src/rp2_common/pico_double/double_init_rom.c.obj
 .text.__aeabi_double_init
                0x10004418       0xcc CMakeFiles/EcoStation_Edu.dir/C_/Program_Files/Raspberry_Pi/Pico_SDK_v1.5.1/pico-sdk/src/rp2_common/pico_double/double_init_rom.c.obj
                0x10004418                __aeabi_double_init
 .text.double_table_shim_on_use_helper
                0x100044e4       0x34 CMakeFiles/EcoStation_Edu.dir/C_/Program_Files/Raspberry_Pi/Pico_SDK_v1.5.1/pico-sdk/src/rp2_common/pico_double/double_v1_rom_shim.S.obj
                0x100044e4                double_table_shim_on_use_helper
 .text.__aeabi_lmul
                0x10004518       0x32 CMakeFiles/EcoStation_Edu.dir/C_/Program_Files/Raspberry_Pi/Pico_SDK_v1.5.1/pico-sdk/src/rp2_common/pico_int64_ops/pico_int64_ops_aeabi.S.obj
                0x10004518                __wrap___aeabi_lmul
 *fill*         0x1000454a        0x2 
 .text.__wrap___aeabi_farithmetic
                0x1000454c       0x48 CMakeFiles/EcoStation_Edu.dir/C_/Program_Files/Raspberry_Pi/Pico_SDK_v1.5.1/pico-sdk/src/rp2_common/pico_float/float_aeabi.S.obj
                0x1000454c                __wrap___aeabi_frsub
                0x10004552                __wrap___aeabi_fsub
                0x10004558                __wrap___aeabi_fadd
                0x1000455e                __wrap___aeabi_fdiv
                0x10004586                __wrap___aeabi_fmul
 .text.__wrap___aeabi_ui2f
                0x10004594        0xa CMakeFiles/EcoStation_Edu.dir/C_/Program_Files/Raspberry_Pi/Pico_SDK_v1.5.1/pico-sdk/src/rp2_common/pico_float/float_aeabi.S.obj
                0x10004594                __wrap___aeabi_ui2f
 *fill*         0x1000459e        0x2 
 .text.__wrap___aeabi_i2f
                0x100045a0       0x44 CMakeFiles/EcoStation_Edu.dir/C_/Program_Files/Raspberry_Pi/Pico_SDK_v1.5.1/pico-sdk/src/rp2_common/pico_float/float_aeabi.S.obj
                0x100045a0                __wrap___aeabi_i2f
 .text.__wrap___aeabi_f2d
                0x100045e4        0xc CMakeFiles/EcoStation_Edu.dir/C_/Program_Files/Raspberry_Pi/Pico_SDK_v1.5.1/pico-sdk/src/rp2_common/pico_float/float_aeabi.S.obj
                0x100045e4                __wrap___aeabi_f2d
 .text.missing_float_func_shim
                0x100045f0        0xc CMakeFiles/EcoStation_Edu.dir/C_/Program_Files/Raspberry_Pi/Pico_SDK_v1.5.1/pico-sdk/src/rp2_common/pico_float/float_init_rom.c.obj
 .text.__aeabi_float_init
                0x100045fc       0x88 CMakeFiles/EcoStation_Edu.dir/C_/Program_Files/Raspberry_Pi/Pico_SDK_v1.5.1/pico-sdk/src/rp2_common/pico_float/float_init_rom.c.obj
                0x100045fc                __aeabi_float_init
 .text          0x10004684       0x10 CMakeFiles/EcoStation_Edu.dir/C_/Program_Files/Raspberry_Pi/Pico_SDK_v1.5.1/pico-sdk/src/rp2_common/pico_mem_ops/mem_ops_aeabi.S.obj
                0x10004684                __aeabi_mem_init
 .text.memset   0x10004694        0xc CMakeFiles/EcoStation_Edu.dir/C_/Program_Files/Raspberry_Pi/Pico_SDK_v1.5.1/pico-sdk/src/rp2_common/pico_mem_ops/mem_ops_aeabi.S.obj
                0x10004694                __wrap_memset
 .text.memcpy   0x100046a0        0xc CMakeFiles/EcoStation_Edu.dir/C_/Program_Files/Raspberry_Pi/Pico_SDK_v1.5.1/pico-sdk/src/rp2_common/pico_mem_ops/mem_ops_aeabi.S.obj
                0x100046a0                __wrap_memcpy
                0x100046a0                __wrap___aeabi_memcpy
 .text.stdio_out_chars_no_crlf
                0x100046ac        0xe CMakeFiles/EcoStation_Edu.dir/C_/Program_Files/Raspberry_Pi/Pico_SDK_v1.5.1/pico-sdk/src/rp2_common/pico_stdio/stdio.c.obj
 *fill*         0x100046ba        0x2 
 .text.stdio_out_chars_crlf
                0x100046bc       0x80 CMakeFiles/EcoStation_Edu.dir/C_/Program_Files/Raspberry_Pi/Pico_SDK_v1.5.1/pico-sdk/src/rp2_common/pico_stdio/stdio.c.obj
 .text.stdio_stack_buffer_flush
                0x1000473c       0x44 CMakeFiles/EcoStation_Edu.dir/C_/Program_Files/Raspberry_Pi/Pico_SDK_v1.5.1/pico-sdk/src/rp2_common/pico_stdio/stdio.c.obj
 .text.stdio_buffered_printer
                0x10004780       0x20 CMakeFiles/EcoStation_Edu.dir/C_/Program_Files/Raspberry_Pi/Pico_SDK_v1.5.1/pico-sdk/src/rp2_common/pico_stdio/stdio.c.obj
 .text.stdout_serialize_begin
                0x100047a0       0x5c CMakeFiles/EcoStation_Edu.dir/C_/Program_Files/Raspberry_Pi/Pico_SDK_v1.5.1/pico-sdk/src/rp2_common/pico_stdio/stdio.c.obj
                0x100047a0                stdout_serialize_begin
 .text.stdout_serialize_end
                0x100047fc       0x10 CMakeFiles/EcoStation_Edu.dir/C_/Program_Files/Raspberry_Pi/Pico_SDK_v1.5.1/pico-sdk/src/rp2_common/pico_stdio/stdio.c.obj
                0x100047fc                stdout_serialize_end
 .text.stdio_put_string
                0x1000480c       0x98 CMakeFiles/EcoStation_Edu.dir/C_/Program_Files/Raspberry_Pi/Pico_SDK_v1.5.1/pico-sdk/src/rp2_common/pico_stdio/stdio.c.obj
 .text.stdio_set_driver_enabled
                0x100048a4       0x2c CMakeFiles/EcoStation_Edu.dir/C_/Program_Files/Raspberry_Pi/Pico_SDK_v1.5.1/pico-sdk/src/rp2_common/pico_stdio/stdio.c.obj
                0x100048a4                stdio_set_driver_enabled
 .text.stdio_flush
                0x100048d0       0x20 CMakeFiles/EcoStation_Edu.dir/C_/Program_Files/Raspberry_Pi/Pico_SDK_v1.5.1/pico-sdk/src/rp2_common/pico_stdio/stdio.c.obj
                0x100048d0                stdio_flush
 .text.__wrap_puts
                0x100048f0       0x1e CMakeFiles/EcoStation_Edu.dir/C_/Program_Files/Raspberry_Pi/Pico_SDK_v1.5.1/pico-sdk/src/rp2_common/pico_stdio/stdio.c.obj
                0x100048f0                __wrap_puts
 *fill*         0x1000490e        0x2 
 .text.__wrap_vprintf
                0x10004910       0x40 CMakeFiles/EcoStation_Edu.dir/C_/Program_Files/Raspberry_Pi/Pico_SDK_v1.5.1/pico-sdk/src/rp2_common/pico_stdio/stdio.c.obj
                0x10004910                __wrap_vprintf
 .text.__wrap_printf
                0x10004950       0x18 CMakeFiles/EcoStation_Edu.dir/C_/Program_Files/Raspberry_Pi/Pico_SDK_v1.5.1/pico-sdk/src/rp2_common/pico_stdio/stdio.c.obj
                0x10004950                __wrap_printf
 .text.stdio_init_all
                0x10004968        0xe CMakeFiles/EcoStation_Edu.dir/C_/Program_Files/Raspberry_Pi/Pico_SDK_v1.5.1/pico-sdk/src/rp2_common/pico_stdio/stdio.c.obj
                0x10004968                stdio_init_all
 *fill*         0x10004976        0x2 
 .text.stdio_uart_out_chars
                0x10004978       0x74 CMakeFiles/EcoStation_Edu.dir/C_/Program_Files/Raspberry_Pi/Pico_SDK_v1.5.1/pico-sdk/src/rp2_common/pico_stdio_uart/stdio_uart.c.obj
 .text.stdio_uart_in_chars
                0x100049ec       0x80 CMakeFiles/EcoStation_Edu.dir/C_/Program_Files/Raspberry_Pi/Pico_SDK_v1.5.1/pico-sdk/src/rp2_common/pico_stdio_uart/stdio_uart.c.obj
                0x100049ec                stdio_uart_in_chars
 .text.on_uart_rx
                0x10004a6c       0x28 CMakeFiles/EcoStation_Edu.dir/C_/Program_Files/Raspberry_Pi/Pico_SDK_v1.5.1/pico-sdk/src/rp2_common/pico_stdio_uart/stdio_uart.c.obj
 .text.stdio_uart_set_chars_available_callback
                0x10004a94       0x8c CMakeFiles/EcoStation_Edu.dir/C_/Program_Files/Raspberry_Pi/Pico_SDK_v1.5.1/pico-sdk/src/rp2_common/pico_stdio_uart/stdio_uart.c.obj
 .text.stdio_uart_init_full
                0x10004b20       0x44 CMakeFiles/EcoStation_Edu.dir/C_/Program_Files/Raspberry_Pi/Pico_SDK_v1.5.1/pico-sdk/src/rp2_common/pico_stdio_uart/stdio_uart.c.obj
                0x10004b20                stdio_uart_init_full
 .text.stdio_uart_init
                0x10004b64       0x28 CMakeFiles/EcoStation_Edu.dir/C_/Program_Files/Raspberry_Pi/Pico_SDK_v1.5.1/pico-sdk/src/rp2_common/pico_stdio_uart/stdio_uart.c.obj
                0x10004b64                stdio_uart_init
 .text.resetd_init
                0x10004b8c        0x2 CMakeFiles/EcoStation_Edu.dir/C_/Program_Files/Raspberry_Pi/Pico_SDK_v1.5.1/pico-sdk/src/rp2_common/pico_stdio_usb/reset_interface.c.obj
 *fill*         0x10004b8e        0x2 
 .text.resetd_reset
                0x10004b90        0xc CMakeFiles/EcoStation_Edu.dir/C_/Program_Files/Raspberry_Pi/Pico_SDK_v1.5.1/pico-sdk/src/rp2_common/pico_stdio_usb/reset_interface.c.obj
 .text.resetd_open
                0x10004b9c       0x34 CMakeFiles/EcoStation_Edu.dir/C_/Program_Files/Raspberry_Pi/Pico_SDK_v1.5.1/pico-sdk/src/rp2_common/pico_stdio_usb/reset_interface.c.obj
 .text.resetd_xfer_cb
                0x10004bd0        0x4 CMakeFiles/EcoStation_Edu.dir/C_/Program_Files/Raspberry_Pi/Pico_SDK_v1.5.1/pico-sdk/src/rp2_common/pico_stdio_usb/reset_interface.c.obj
 .text.reset_usb_boot
                0x10004bd4       0x18 CMakeFiles/EcoStation_Edu.dir/C_/Program_Files/Raspberry_Pi/Pico_SDK_v1.5.1/pico-sdk/src/rp2_common/pico_stdio_usb/reset_interface.c.obj
 .text.resetd_control_xfer_cb
                0x10004bec       0x5c CMakeFiles/EcoStation_Edu.dir/C_/Program_Files/Raspberry_Pi/Pico_SDK_v1.5.1/pico-sdk/src/rp2_common/pico_stdio_usb/reset_interface.c.obj
 .text.usbd_app_driver_get_cb
                0x10004c48        0xc CMakeFiles/EcoStation_Edu.dir/C_/Program_Files/Raspberry_Pi/Pico_SDK_v1.5.1/pico-sdk/src/rp2_common/pico_stdio_usb/reset_interface.c.obj
                0x10004c48                usbd_app_driver_get_cb
 .text.tud_cdc_line_coding_cb
                0x10004c54       0x28 CMakeFiles/EcoStation_Edu.dir/C_/Program_Files/Raspberry_Pi/Pico_SDK_v1.5.1/pico-sdk/src/rp2_common/pico_stdio_usb/reset_interface.c.obj
                0x10004c54                tud_cdc_line_coding_cb
 .text.stdio_usb_set_chars_available_callback
                0x10004c7c       0x14 CMakeFiles/EcoStation_Edu.dir/C_/Program_Files/Raspberry_Pi/Pico_SDK_v1.5.1/pico-sdk/src/rp2_common/pico_stdio_usb/stdio_usb.c.obj
                0x10004c7c                stdio_usb_set_chars_available_callback
 .text.usb_irq  0x10004c90       0x10 CMakeFiles/EcoStation_Edu.dir/C_/Program_Files/Raspberry_Pi/Pico_SDK_v1.5.1/pico-sdk/src/rp2_common/pico_stdio_usb/stdio_usb.c.obj
 .text.timer_task
                0x10004ca0       0x5c CMakeFiles/EcoStation_Edu.dir/C_/Program_Files/Raspberry_Pi/Pico_SDK_v1.5.1/pico-sdk/src/rp2_common/pico_stdio_usb/stdio_usb.c.obj
 .text.low_priority_worker_irq
                0x10004cfc       0xdc CMakeFiles/EcoStation_Edu.dir/C_/Program_Files/Raspberry_Pi/Pico_SDK_v1.5.1/pico-sdk/src/rp2_common/pico_stdio_usb/stdio_usb.c.obj
 .text.tud_cdc_rx_cb
                0x10004dd8       0x20 CMakeFiles/EcoStation_Edu.dir/C_/Program_Files/Raspberry_Pi/Pico_SDK_v1.5.1/pico-sdk/src/rp2_common/pico_stdio_usb/stdio_usb.c.obj
                0x10004dd8                tud_cdc_rx_cb
 .text.stdio_usb_init
                0x10004df8      0x11c CMakeFiles/EcoStation_Edu.dir/C_/Program_Files/Raspberry_Pi/Pico_SDK_v1.5.1/pico-sdk/src/rp2_common/pico_stdio_usb/stdio_usb.c.obj
                0x10004df8                stdio_usb_init
 .text.stdio_usb_connected
                0x10004f14        0xa CMakeFiles/EcoStation_Edu.dir/C_/Program_Files/Raspberry_Pi/Pico_SDK_v1.5.1/pico-sdk/src/rp2_common/pico_stdio_usb/stdio_usb.c.obj
                0x10004f14                stdio_usb_connected
 *fill*         0x10004f1e        0x2 
 .text.stdio_usb_in_chars
                0x10004f20       0xc4 CMakeFiles/EcoStation_Edu.dir/C_/Program_Files/Raspberry_Pi/Pico_SDK_v1.5.1/pico-sdk/src/rp2_common/pico_stdio_usb/stdio_usb.c.obj
                0x10004f20                stdio_usb_in_chars
 .text.stdio_usb_out_chars
                0x10004fe4      0x114 CMakeFiles/EcoStation_Edu.dir/C_/Program_Files/Raspberry_Pi/Pico_SDK_v1.5.1/pico-sdk/src/rp2_common/pico_stdio_usb/stdio_usb.c.obj
 .text.tud_descriptor_device_cb
                0x100050f8        0x8 CMakeFiles/EcoStation_Edu.dir/C_/Program_Files/Raspberry_Pi/Pico_SDK_v1.5.1/pico-sdk/src/rp2_common/pico_stdio_usb/stdio_usb_descriptors.c.obj
                0x100050f8                tud_descriptor_device_cb
 .text.tud_descriptor_configuration_cb
                0x10005100        0x8 CMakeFiles/EcoStation_Edu.dir/C_/Program_Files/Raspberry_Pi/Pico_SDK_v1.5.1/pico-sdk/src/rp2_common/pico_stdio_usb/stdio_usb_descriptors.c.obj
                0x10005100                tud_descriptor_configuration_cb
 .text.tud_descriptor_string_cb
                0x10005108       0x6c CMakeFiles/EcoStation_Edu.dir/C_/Program_Files/Raspberry_Pi/Pico_SDK_v1.5.1/pico-sdk/src/rp2_common/pico_stdio_usb/stdio_usb_descriptors.c.obj
                0x10005108                tud_descriptor_string_cb
 .text._retrieve_unique_id_on_boot
                0x10005174       0x10 CMakeFiles/EcoStation_Edu.dir/C_/Program_Files/Raspberry_Pi/Pico_SDK_v1.5.1/pico-sdk/src/rp2_common/pico_unique_id/unique_id.c.obj
 .text.pico_get_unique_board_id_string
                0x10005184       0x60 CMakeFiles/EcoStation_Edu.dir/C_/Program_Files/Raspberry_Pi/Pico_SDK_v1.5.1/pico-sdk/src/rp2_common/pico_unique_id/unique_id.c.obj
                0x10005184                pico_get_unique_board_id_string
 .text.flash_get_unique_id
                0x100051e4       0x46 CMakeFiles/EcoStation_Edu.dir/C_/Program_Files/Raspberry_Pi/Pico_SDK_v1.5.1/pico-sdk/src/rp2_common/hardware_flash/flash.c.obj
                0x100051e4                flash_get_unique_id
 *fill*         0x1000522a        0x2 
 .text.hw_endpoint_get_by_addr
                0x1000522c       0x18 CMakeFiles/EcoStation_Edu.dir/C_/Program_Files/Raspberry_Pi/Pico_SDK_v1.5.1/pico-sdk/lib/tinyusb/src/portable/raspberrypi/rp2040/dcd_rp2040.c.obj
 .text._hw_endpoint_alloc
                0x10005244       0x70 CMakeFiles/EcoStation_Edu.dir/C_/Program_Files/Raspberry_Pi/Pico_SDK_v1.5.1/pico-sdk/lib/tinyusb/src/portable/raspberrypi/rp2040/dcd_rp2040.c.obj
 .text.hw_endpoint_init
                0x100052b4       0x88 CMakeFiles/EcoStation_Edu.dir/C_/Program_Files/Raspberry_Pi/Pico_SDK_v1.5.1/pico-sdk/lib/tinyusb/src/portable/raspberrypi/rp2040/dcd_rp2040.c.obj
 .text.hw_endpoint_xfer
                0x1000533c       0x14 CMakeFiles/EcoStation_Edu.dir/C_/Program_Files/Raspberry_Pi/Pico_SDK_v1.5.1/pico-sdk/lib/tinyusb/src/portable/raspberrypi/rp2040/dcd_rp2040.c.obj
 .text.dcd_int_enable
                0x10005350       0x2c CMakeFiles/EcoStation_Edu.dir/C_/Program_Files/Raspberry_Pi/Pico_SDK_v1.5.1/pico-sdk/lib/tinyusb/src/portable/raspberrypi/rp2040/dcd_rp2040.c.obj
                0x10005350                dcd_int_enable
 .text.dcd_set_address
                0x1000537c       0x2c CMakeFiles/EcoStation_Edu.dir/C_/Program_Files/Raspberry_Pi/Pico_SDK_v1.5.1/pico-sdk/lib/tinyusb/src/portable/raspberrypi/rp2040/dcd_rp2040.c.obj
                0x1000537c                dcd_set_address
 .text.dcd_connect
                0x100053a8       0x10 CMakeFiles/EcoStation_Edu.dir/C_/Program_Files/Raspberry_Pi/Pico_SDK_v1.5.1/pico-sdk/lib/tinyusb/src/portable/raspberrypi/rp2040/dcd_rp2040.c.obj
                0x100053a8                dcd_connect
 .text.dcd_init
                0x100053b8       0x80 CMakeFiles/EcoStation_Edu.dir/C_/Program_Files/Raspberry_Pi/Pico_SDK_v1.5.1/pico-sdk/lib/tinyusb/src/portable/raspberrypi/rp2040/dcd_rp2040.c.obj
                0x100053b8                dcd_init
 .text.dcd_edpt0_status_complete
                0x10005438       0x1c CMakeFiles/EcoStation_Edu.dir/C_/Program_Files/Raspberry_Pi/Pico_SDK_v1.5.1/pico-sdk/lib/tinyusb/src/portable/raspberrypi/rp2040/dcd_rp2040.c.obj
                0x10005438                dcd_edpt0_status_complete
 .text.dcd_edpt_open
                0x10005454       0x40 CMakeFiles/EcoStation_Edu.dir/C_/Program_Files/Raspberry_Pi/Pico_SDK_v1.5.1/pico-sdk/lib/tinyusb/src/portable/raspberrypi/rp2040/dcd_rp2040.c.obj
                0x10005454                dcd_edpt_open
 .text.dcd_edpt_close_all
                0x10005494        0x8 CMakeFiles/EcoStation_Edu.dir/C_/Program_Files/Raspberry_Pi/Pico_SDK_v1.5.1/pico-sdk/lib/tinyusb/src/portable/raspberrypi/rp2040/dcd_rp2040.c.obj
                0x10005494                dcd_edpt_close_all
 .text.dcd_edpt_xfer
                0x1000549c       0x34 CMakeFiles/EcoStation_Edu.dir/C_/Program_Files/Raspberry_Pi/Pico_SDK_v1.5.1/pico-sdk/lib/tinyusb/src/portable/raspberrypi/rp2040/dcd_rp2040.c.obj
                0x1000549c                dcd_edpt_xfer
 .text.dcd_edpt_stall
                0x100054d0       0x2c CMakeFiles/EcoStation_Edu.dir/C_/Program_Files/Raspberry_Pi/Pico_SDK_v1.5.1/pico-sdk/lib/tinyusb/src/portable/raspberrypi/rp2040/dcd_rp2040.c.obj
                0x100054d0                dcd_edpt_stall
 .text.dcd_edpt_clear_stall
                0x100054fc       0x20 CMakeFiles/EcoStation_Edu.dir/C_/Program_Files/Raspberry_Pi/Pico_SDK_v1.5.1/pico-sdk/lib/tinyusb/src/portable/raspberrypi/rp2040/dcd_rp2040.c.obj
                0x100054fc                dcd_edpt_clear_stall
 .text.rp2040_usb_init
                0x1000551c       0x4c CMakeFiles/EcoStation_Edu.dir/C_/Program_Files/Raspberry_Pi/Pico_SDK_v1.5.1/pico-sdk/lib/tinyusb/src/portable/raspberrypi/rp2040/rp2040_usb.c.obj
                0x1000551c                rp2040_usb_init
 .text.hw_endpoint_xfer_start
                0x10005568       0x50 CMakeFiles/EcoStation_Edu.dir/C_/Program_Files/Raspberry_Pi/Pico_SDK_v1.5.1/pico-sdk/lib/tinyusb/src/portable/raspberrypi/rp2040/rp2040_usb.c.obj
                0x10005568                hw_endpoint_xfer_start
 .text.configuration_reset
                0x100055b8       0x84 CMakeFiles/EcoStation_Edu.dir/C_/Program_Files/Raspberry_Pi/Pico_SDK_v1.5.1/pico-sdk/lib/tinyusb/src/device/usbd.c.obj
 .text.usbd_reset
                0x1000563c        0xc CMakeFiles/EcoStation_Edu.dir/C_/Program_Files/Raspberry_Pi/Pico_SDK_v1.5.1/pico-sdk/lib/tinyusb/src/device/usbd.c.obj
 .text.invoke_class_control
                0x10005648       0x1a CMakeFiles/EcoStation_Edu.dir/C_/Program_Files/Raspberry_Pi/Pico_SDK_v1.5.1/pico-sdk/lib/tinyusb/src/device/usbd.c.obj
 *fill*         0x10005662        0x2 
 .text.process_set_config
                0x10005664      0x178 CMakeFiles/EcoStation_Edu.dir/C_/Program_Files/Raspberry_Pi/Pico_SDK_v1.5.1/pico-sdk/lib/tinyusb/src/device/usbd.c.obj
 .text.process_get_descriptor
                0x100057dc       0xdc CMakeFiles/EcoStation_Edu.dir/C_/Program_Files/Raspberry_Pi/Pico_SDK_v1.5.1/pico-sdk/lib/tinyusb/src/device/usbd.c.obj
 .text.tud_mounted
                0x100058b8       0x10 CMakeFiles/EcoStation_Edu.dir/C_/Program_Files/Raspberry_Pi/Pico_SDK_v1.5.1/pico-sdk/lib/tinyusb/src/device/usbd.c.obj
                0x100058b8                tud_mounted
 .text.tud_suspended
                0x100058c8       0x10 CMakeFiles/EcoStation_Edu.dir/C_/Program_Files/Raspberry_Pi/Pico_SDK_v1.5.1/pico-sdk/lib/tinyusb/src/device/usbd.c.obj
                0x100058c8                tud_suspended
 .text.tud_inited
                0x100058d8       0x14 CMakeFiles/EcoStation_Edu.dir/C_/Program_Files/Raspberry_Pi/Pico_SDK_v1.5.1/pico-sdk/lib/tinyusb/src/device/usbd.c.obj
                0x100058d8                tud_inited
 .text.tud_init
                0x100058ec       0xcc CMakeFiles/EcoStation_Edu.dir/C_/Program_Files/Raspberry_Pi/Pico_SDK_v1.5.1/pico-sdk/lib/tinyusb/src/device/usbd.c.obj
                0x100058ec                tud_init
 .text.usbd_defer_func
                0x100059b8       0x2a CMakeFiles/EcoStation_Edu.dir/C_/Program_Files/Raspberry_Pi/Pico_SDK_v1.5.1/pico-sdk/lib/tinyusb/src/device/usbd.c.obj
                0x100059b8                usbd_defer_func
 *fill*         0x100059e2        0x2 
 .text.usbd_edpt_open
                0x100059e4       0x34 CMakeFiles/EcoStation_Edu.dir/C_/Program_Files/Raspberry_Pi/Pico_SDK_v1.5.1/pico-sdk/lib/tinyusb/src/device/usbd.c.obj
                0x100059e4                usbd_edpt_open
 .text.usbd_open_edpt_pair
                0x10005a18       0x62 CMakeFiles/EcoStation_Edu.dir/C_/Program_Files/Raspberry_Pi/Pico_SDK_v1.5.1/pico-sdk/lib/tinyusb/src/device/usbd.c.obj
                0x10005a18                usbd_open_edpt_pair
 *fill*         0x10005a7a        0x2 
 .text.usbd_edpt_claim
                0x10005a7c       0x28 CMakeFiles/EcoStation_Edu.dir/C_/Program_Files/Raspberry_Pi/Pico_SDK_v1.5.1/pico-sdk/lib/tinyusb/src/device/usbd.c.obj
                0x10005a7c                usbd_edpt_claim
 .text.usbd_edpt_release
                0x10005aa4       0x28 CMakeFiles/EcoStation_Edu.dir/C_/Program_Files/Raspberry_Pi/Pico_SDK_v1.5.1/pico-sdk/lib/tinyusb/src/device/usbd.c.obj
                0x10005aa4                usbd_edpt_release
 .text.usbd_edpt_xfer
                0x10005acc       0x78 CMakeFiles/EcoStation_Edu.dir/C_/Program_Files/Raspberry_Pi/Pico_SDK_v1.5.1/pico-sdk/lib/tinyusb/src/device/usbd.c.obj
                0x10005acc                usbd_edpt_xfer
 .text.usbd_edpt_stall
                0x10005b44       0x48 CMakeFiles/EcoStation_Edu.dir/C_/Program_Files/Raspberry_Pi/Pico_SDK_v1.5.1/pico-sdk/lib/tinyusb/src/device/usbd.c.obj
                0x10005b44                usbd_edpt_stall
 .text.usbd_edpt_clear_stall
                0x10005b8c       0x48 CMakeFiles/EcoStation_Edu.dir/C_/Program_Files/Raspberry_Pi/Pico_SDK_v1.5.1/pico-sdk/lib/tinyusb/src/device/usbd.c.obj
                0x10005b8c                usbd_edpt_clear_stall
 .text.usbd_edpt_stalled
                0x10005bd4       0x1c CMakeFiles/EcoStation_Edu.dir/C_/Program_Files/Raspberry_Pi/Pico_SDK_v1.5.1/pico-sdk/lib/tinyusb/src/device/usbd.c.obj
                0x10005bd4                usbd_edpt_stalled
 .text.process_control_request
                0x10005bf0      0x37c CMakeFiles/EcoStation_Edu.dir/C_/Program_Files/Raspberry_Pi/Pico_SDK_v1.5.1/pico-sdk/lib/tinyusb/src/device/usbd.c.obj
 .text.tud_task_ext
                0x10005f6c      0x1b8 CMakeFiles/EcoStation_Edu.dir/C_/Program_Files/Raspberry_Pi/Pico_SDK_v1.5.1/pico-sdk/lib/tinyusb/src/device/usbd.c.obj
                0x10005f6c                tud_task_ext
 .text._data_stage_xact
                0x10006124       0x58 CMakeFiles/EcoStation_Edu.dir/C_/Program_Files/Raspberry_Pi/Pico_SDK_v1.5.1/pico-sdk/lib/tinyusb/src/device/usbd_control.c.obj
 .text.tud_control_status
                0x1000617c       0x38 CMakeFiles/EcoStation_Edu.dir/C_/Program_Files/Raspberry_Pi/Pico_SDK_v1.5.1/pico-sdk/lib/tinyusb/src/device/usbd_control.c.obj
                0x1000617c                tud_control_status
 .text.tud_control_xfer
                0x100061b4       0x74 CMakeFiles/EcoStation_Edu.dir/C_/Program_Files/Raspberry_Pi/Pico_SDK_v1.5.1/pico-sdk/lib/tinyusb/src/device/usbd_control.c.obj
                0x100061b4                tud_control_xfer
 .text.usbd_control_reset
                0x10006228       0x14 CMakeFiles/EcoStation_Edu.dir/C_/Program_Files/Raspberry_Pi/Pico_SDK_v1.5.1/pico-sdk/lib/tinyusb/src/device/usbd_control.c.obj
                0x10006228                usbd_control_reset
 .text.usbd_control_set_complete_callback
                0x1000623c        0xc CMakeFiles/EcoStation_Edu.dir/C_/Program_Files/Raspberry_Pi/Pico_SDK_v1.5.1/pico-sdk/lib/tinyusb/src/device/usbd_control.c.obj
                0x1000623c                usbd_control_set_complete_callback
 .text.usbd_control_set_request
                0x10006248       0x1c CMakeFiles/EcoStation_Edu.dir/C_/Program_Files/Raspberry_Pi/Pico_SDK_v1.5.1/pico-sdk/lib/tinyusb/src/device/usbd_control.c.obj
                0x10006248                usbd_control_set_request
 .text.usbd_control_xfer_cb
                0x10006264       0xcc CMakeFiles/EcoStation_Edu.dir/C_/Program_Files/Raspberry_Pi/Pico_SDK_v1.5.1/pico-sdk/lib/tinyusb/src/device/usbd_control.c.obj
                0x10006264                usbd_control_xfer_cb
 .text._prep_out_transaction
                0x10006330       0x4a CMakeFiles/EcoStation_Edu.dir/C_/Program_Files/Raspberry_Pi/Pico_SDK_v1.5.1/pico-sdk/lib/tinyusb/src/class/cdc/cdc_device.c.obj
 *fill*         0x1000637a        0x2 
 .text.tud_cdc_n_connected
                0x1000637c       0x44 CMakeFiles/EcoStation_Edu.dir/C_/Program_Files/Raspberry_Pi/Pico_SDK_v1.5.1/pico-sdk/lib/tinyusb/src/class/cdc/cdc_device.c.obj
                0x1000637c                tud_cdc_n_connected
 .text.tud_cdc_n_available
                0x100063c0       0x18 CMakeFiles/EcoStation_Edu.dir/C_/Program_Files/Raspberry_Pi/Pico_SDK_v1.5.1/pico-sdk/lib/tinyusb/src/class/cdc/cdc_device.c.obj
                0x100063c0                tud_cdc_n_available
 .text.tud_cdc_n_read
                0x100063d8       0x28 CMakeFiles/EcoStation_Edu.dir/C_/Program_Files/Raspberry_Pi/Pico_SDK_v1.5.1/pico-sdk/lib/tinyusb/src/class/cdc/cdc_device.c.obj
                0x100063d8                tud_cdc_n_read
 .text.tud_cdc_n_write_flush
                0x10006400       0xb8 CMakeFiles/EcoStation_Edu.dir/C_/Program_Files/Raspberry_Pi/Pico_SDK_v1.5.1/pico-sdk/lib/tinyusb/src/class/cdc/cdc_device.c.obj
                0x10006400                tud_cdc_n_write_flush
 .text.tud_cdc_n_write
                0x100064b8       0x38 CMakeFiles/EcoStation_Edu.dir/C_/Program_Files/Raspberry_Pi/Pico_SDK_v1.5.1/pico-sdk/lib/tinyusb/src/class/cdc/cdc_device.c.obj
                0x100064b8                tud_cdc_n_write
 .text.tud_cdc_n_write_available
                0x100064f0       0x1c CMakeFiles/EcoStation_Edu.dir/C_/Program_Files/Raspberry_Pi/Pico_SDK_v1.5.1/pico-sdk/lib/tinyusb/src/class/cdc/cdc_device.c.obj
                0x100064f0                tud_cdc_n_write_available
 .text.cdcd_init
                0x1000650c       0xbc CMakeFiles/EcoStation_Edu.dir/C_/Program_Files/Raspberry_Pi/Pico_SDK_v1.5.1/pico-sdk/lib/tinyusb/src/class/cdc/cdc_device.c.obj
                0x1000650c                cdcd_init
 .text.cdcd_reset
                0x100065c8       0x44 CMakeFiles/EcoStation_Edu.dir/C_/Program_Files/Raspberry_Pi/Pico_SDK_v1.5.1/pico-sdk/lib/tinyusb/src/class/cdc/cdc_device.c.obj
                0x100065c8                cdcd_reset
 .text.cdcd_open
                0x1000660c       0xcc CMakeFiles/EcoStation_Edu.dir/C_/Program_Files/Raspberry_Pi/Pico_SDK_v1.5.1/pico-sdk/lib/tinyusb/src/class/cdc/cdc_device.c.obj
                0x1000660c                cdcd_open
 .text.cdcd_control_xfer_cb
                0x100066d8      0x134 CMakeFiles/EcoStation_Edu.dir/C_/Program_Files/Raspberry_Pi/Pico_SDK_v1.5.1/pico-sdk/lib/tinyusb/src/class/cdc/cdc_device.c.obj
                0x100066d8                cdcd_control_xfer_cb
 .text.cdcd_xfer_cb
                0x1000680c      0x130 CMakeFiles/EcoStation_Edu.dir/C_/Program_Files/Raspberry_Pi/Pico_SDK_v1.5.1/pico-sdk/lib/tinyusb/src/class/cdc/cdc_device.c.obj
                0x1000680c                cdcd_xfer_cb
 .text.tusb_init
                0x1000693c        0xa CMakeFiles/EcoStation_Edu.dir/C_/Program_Files/Raspberry_Pi/Pico_SDK_v1.5.1/pico-sdk/lib/tinyusb/src/tusb.c.obj
                0x1000693c                tusb_init
 .text.tusb_inited
                0x10006946        0xe CMakeFiles/EcoStation_Edu.dir/C_/Program_Files/Raspberry_Pi/Pico_SDK_v1.5.1/pico-sdk/lib/tinyusb/src/tusb.c.obj
                0x10006946                tusb_inited
 .text.tu_edpt_claim
                0x10006954       0x50 CMakeFiles/EcoStation_Edu.dir/C_/Program_Files/Raspberry_Pi/Pico_SDK_v1.5.1/pico-sdk/lib/tinyusb/src/tusb.c.obj
                0x10006954                tu_edpt_claim
 .text.tu_edpt_release
                0x100069a4       0x3c CMakeFiles/EcoStation_Edu.dir/C_/Program_Files/Raspberry_Pi/Pico_SDK_v1.5.1/pico-sdk/lib/tinyusb/src/tusb.c.obj
                0x100069a4                tu_edpt_release
 .text.tu_edpt_validate
                0x100069e0       0x78 CMakeFiles/EcoStation_Edu.dir/C_/Program_Files/Raspberry_Pi/Pico_SDK_v1.5.1/pico-sdk/lib/tinyusb/src/tusb.c.obj
                0x100069e0                tu_edpt_validate
 .text.tu_edpt_bind_driver
                0x10006a58       0x26 CMakeFiles/EcoStation_Edu.dir/C_/Program_Files/Raspberry_Pi/Pico_SDK_v1.5.1/pico-sdk/lib/tinyusb/src/tusb.c.obj
                0x10006a58                tu_edpt_bind_driver
 .text.advance_index
                0x10006a7e       0x1a CMakeFiles/EcoStation_Edu.dir/C_/Program_Files/Raspberry_Pi/Pico_SDK_v1.5.1/pico-sdk/lib/tinyusb/src/common/tusb_fifo.c.obj
 .text._tu_fifo_peek
                0x10006a98       0x56 CMakeFiles/EcoStation_Edu.dir/C_/Program_Files/Raspberry_Pi/Pico_SDK_v1.5.1/pico-sdk/lib/tinyusb/src/common/tusb_fifo.c.obj
 .text._ff_pull_const_addr
                0x10006aee       0x4c CMakeFiles/EcoStation_Edu.dir/C_/Program_Files/Raspberry_Pi/Pico_SDK_v1.5.1/pico-sdk/lib/tinyusb/src/common/tusb_fifo.c.obj
 .text._ff_pull_n
                0x10006b3a      0x110 CMakeFiles/EcoStation_Edu.dir/C_/Program_Files/Raspberry_Pi/Pico_SDK_v1.5.1/pico-sdk/lib/tinyusb/src/common/tusb_fifo.c.obj
 .text._tu_fifo_peek_n
                0x10006c4a       0x6a CMakeFiles/EcoStation_Edu.dir/C_/Program_Files/Raspberry_Pi/Pico_SDK_v1.5.1/pico-sdk/lib/tinyusb/src/common/tusb_fifo.c.obj
 .text._tu_fifo_read_n
                0x10006cb4       0x4e CMakeFiles/EcoStation_Edu.dir/C_/Program_Files/Raspberry_Pi/Pico_SDK_v1.5.1/pico-sdk/lib/tinyusb/src/common/tusb_fifo.c.obj
 .text._ff_push_const_addr
                0x10006d02       0x40 CMakeFiles/EcoStation_Edu.dir/C_/Program_Files/Raspberry_Pi/Pico_SDK_v1.5.1/pico-sdk/lib/tinyusb/src/common/tusb_fifo.c.obj
 .text._ff_push_n
                0x10006d42      0x10c CMakeFiles/EcoStation_Edu.dir/C_/Program_Files/Raspberry_Pi/Pico_SDK_v1.5.1/pico-sdk/lib/tinyusb/src/common/tusb_fifo.c.obj
 .text._tu_fifo_write_n
                0x10006e4e       0xf0 CMakeFiles/EcoStation_Edu.dir/C_/Program_Files/Raspberry_Pi/Pico_SDK_v1.5.1/pico-sdk/lib/tinyusb/src/common/tusb_fifo.c.obj
 .text.tu_fifo_config
                0x10006f3e       0x7c CMakeFiles/EcoStation_Edu.dir/C_/Program_Files/Raspberry_Pi/Pico_SDK_v1.5.1/pico-sdk/lib/tinyusb/src/common/tusb_fifo.c.obj
                0x10006f3e                tu_fifo_config
 .text.tu_fifo_count
                0x10006fba       0x2a CMakeFiles/EcoStation_Edu.dir/C_/Program_Files/Raspberry_Pi/Pico_SDK_v1.5.1/pico-sdk/lib/tinyusb/src/common/tusb_fifo.c.obj
                0x10006fba                tu_fifo_count
 .text.tu_fifo_empty
                0x10006fe4       0x10 CMakeFiles/EcoStation_Edu.dir/C_/Program_Files/Raspberry_Pi/Pico_SDK_v1.5.1/pico-sdk/lib/tinyusb/src/common/tusb_fifo.c.obj
                0x10006fe4                tu_fifo_empty
 .text.tu_fifo_full
                0x10006ff4       0x28 CMakeFiles/EcoStation_Edu.dir/C_/Program_Files/Raspberry_Pi/Pico_SDK_v1.5.1/pico-sdk/lib/tinyusb/src/common/tusb_fifo.c.obj
                0x10006ff4                tu_fifo_full
 .text.tu_fifo_remaining
                0x1000701c       0x2c CMakeFiles/EcoStation_Edu.dir/C_/Program_Files/Raspberry_Pi/Pico_SDK_v1.5.1/pico-sdk/lib/tinyusb/src/common/tusb_fifo.c.obj
                0x1000701c                tu_fifo_remaining
 .text.tu_fifo_read
                0x10007048       0x42 CMakeFiles/EcoStation_Edu.dir/C_/Program_Files/Raspberry_Pi/Pico_SDK_v1.5.1/pico-sdk/lib/tinyusb/src/common/tusb_fifo.c.obj
                0x10007048                tu_fifo_read
 .text.tu_fifo_read_n
                0x1000708a        0xa CMakeFiles/EcoStation_Edu.dir/C_/Program_Files/Raspberry_Pi/Pico_SDK_v1.5.1/pico-sdk/lib/tinyusb/src/common/tusb_fifo.c.obj
                0x1000708a                tu_fifo_read_n
 .text.tu_fifo_write
                0x10007094       0x64 CMakeFiles/EcoStation_Edu.dir/C_/Program_Files/Raspberry_Pi/Pico_SDK_v1.5.1/pico-sdk/lib/tinyusb/src/common/tusb_fifo.c.obj
                0x10007094                tu_fifo_write
 .text.tu_fifo_write_n
                0x100070f8        0xa CMakeFiles/EcoStation_Edu.dir/C_/Program_Files/Raspberry_Pi/Pico_SDK_v1.5.1/pico-sdk/lib/tinyusb/src/common/tusb_fifo.c.obj
                0x100070f8                tu_fifo_write_n
 .text.tu_fifo_clear
                0x10007102       0x3e CMakeFiles/EcoStation_Edu.dir/C_/Program_Files/Raspberry_Pi/Pico_SDK_v1.5.1/pico-sdk/lib/tinyusb/src/common/tusb_fifo.c.obj
                0x10007102                tu_fifo_clear
 .text.tu_fifo_set_overwritable
                0x10007140       0x46 CMakeFiles/EcoStation_Edu.dir/C_/Program_Files/Raspberry_Pi/Pico_SDK_v1.5.1/pico-sdk/lib/tinyusb/src/common/tusb_fifo.c.obj
                0x10007140                tu_fifo_set_overwritable
 .text.i2c_write_blocking_internal
                0x10007186      0x140 CMakeFiles/EcoStation_Edu.dir/C_/Program_Files/Raspberry_Pi/Pico_SDK_v1.5.1/pico-sdk/src/rp2_common/hardware_i2c/i2c.c.obj
 .text.i2c_read_blocking_internal
                0x100072c6       0xe6 CMakeFiles/EcoStation_Edu.dir/C_/Program_Files/Raspberry_Pi/Pico_SDK_v1.5.1/pico-sdk/src/rp2_common/hardware_i2c/i2c.c.obj
 .text.i2c_set_baudrate
                0x100073ac       0xf0 CMakeFiles/EcoStation_Edu.dir/C_/Program_Files/Raspberry_Pi/Pico_SDK_v1.5.1/pico-sdk/src/rp2_common/hardware_i2c/i2c.c.obj
                0x100073ac                i2c_set_baudrate
 .text.i2c_init
                0x1000749c       0x58 CMakeFiles/EcoStation_Edu.dir/C_/Program_Files/Raspberry_Pi/Pico_SDK_v1.5.1/pico-sdk/src/rp2_common/hardware_i2c/i2c.c.obj
                0x1000749c                i2c_init
 .text.i2c_write_blocking
                0x100074f4       0x18 CMakeFiles/EcoStation_Edu.dir/C_/Program_Files/Raspberry_Pi/Pico_SDK_v1.5.1/pico-sdk/src/rp2_common/hardware_i2c/i2c.c.obj
                0x100074f4                i2c_write_blocking
 .text.i2c_write_blocking_until
                0x1000750c       0x3e CMakeFiles/EcoStation_Edu.dir/C_/Program_Files/Raspberry_Pi/Pico_SDK_v1.5.1/pico-sdk/src/rp2_common/hardware_i2c/i2c.c.obj
                0x1000750c                i2c_write_blocking_until
 .text.i2c_read_blocking_until
                0x1000754a       0x3e CMakeFiles/EcoStation_Edu.dir/C_/Program_Files/Raspberry_Pi/Pico_SDK_v1.5.1/pico-sdk/src/rp2_common/hardware_i2c/i2c.c.obj
                0x1000754a                i2c_read_blocking_until
 .text.adc_init
                0x10007588       0x34 CMakeFiles/EcoStation_Edu.dir/C_/Program_Files/Raspberry_Pi/Pico_SDK_v1.5.1/pico-sdk/src/rp2_common/hardware_adc/adc.c.obj
                0x10007588                adc_init
 .text.prvIsQueueEmpty
                0x100075bc       0x1c lib/FreeRTOS-Kernel/libfreertos_kernel.a(queue.c.obj)
 .text.prvCopyDataToQueue
                0x100075d8       0x82 lib/FreeRTOS-Kernel/libfreertos_kernel.a(queue.c.obj)
 .text.prvCopyDataFromQueue
                0x1000765a       0x24 lib/FreeRTOS-Kernel/libfreertos_kernel.a(queue.c.obj)
 .text.prvUnlockQueue
                0x1000767e       0x72 lib/FreeRTOS-Kernel/libfreertos_kernel.a(queue.c.obj)
 .text.xQueueGenericReset
                0x100076f0       0xb4 lib/FreeRTOS-Kernel/libfreertos_kernel.a(queue.c.obj)
                0x100076f0                xQueueGenericReset
 .text.prvInitialiseNewQueue
                0x100077a4       0x1c lib/FreeRTOS-Kernel/libfreertos_kernel.a(queue.c.obj)
 .text.xQueueGenericCreate
                0x100077c0       0x76 lib/FreeRTOS-Kernel/libfreertos_kernel.a(queue.c.obj)
                0x100077c0                xQueueGenericCreate
 .text.xQueueGenericSendFromISR
                0x10007836       0xc0 lib/FreeRTOS-Kernel/libfreertos_kernel.a(queue.c.obj)
                0x10007836                xQueueGenericSendFromISR
 .text.xQueueReceive
                0x100078f6      0x116 lib/FreeRTOS-Kernel/libfreertos_kernel.a(queue.c.obj)
                0x100078f6                xQueueReceive
 .text.vQueueWaitForMessageRestricted
                0x10007a0c       0x50 lib/FreeRTOS-Kernel/libfreertos_kernel.a(queue.c.obj)
                0x10007a0c                vQueueWaitForMessageRestricted
 .text.prvResetNextTaskUnblockTime
                0x10007a5c       0x2c lib/FreeRTOS-Kernel/libfreertos_kernel.a(tasks.c.obj)
 .text.prvInitialiseNewTask
                0x10007a88       0x80 lib/FreeRTOS-Kernel/libfreertos_kernel.a(tasks.c.obj)
 .text.prvIdleTask
                0x10007b08       0x14 lib/FreeRTOS-Kernel/libfreertos_kernel.a(tasks.c.obj)
 .text.prvInitialiseTaskLists
                0x10007b1c       0x5c lib/FreeRTOS-Kernel/libfreertos_kernel.a(tasks.c.obj)
 .text.prvAddNewTaskToReadyList
                0x10007b78       0xc4 lib/FreeRTOS-Kernel/libfreertos_kernel.a(tasks.c.obj)
 .text.prvAddCurrentTaskToDelayedList
                0x10007c3c       0x94 lib/FreeRTOS-Kernel/libfreertos_kernel.a(tasks.c.obj)
 .text.xTaskCreate
                0x10007cd0       0x68 lib/FreeRTOS-Kernel/libfreertos_kernel.a(tasks.c.obj)
                0x10007cd0                xTaskCreate
 .text.prvCreateIdleTasks
                0x10007d38       0x28 lib/FreeRTOS-Kernel/libfreertos_kernel.a(tasks.c.obj)
 .text.vTaskStartScheduler
                0x10007d60       0x50 lib/FreeRTOS-Kernel/libfreertos_kernel.a(tasks.c.obj)
                0x10007d60                vTaskStartScheduler
 .text.vTaskSuspendAll
                0x10007db0       0x10 lib/FreeRTOS-Kernel/libfreertos_kernel.a(tasks.c.obj)
                0x10007db0                vTaskSuspendAll
 .text.xTaskGetTickCount
                0x10007dc0        0xc lib/FreeRTOS-Kernel/libfreertos_kernel.a(tasks.c.obj)
                0x10007dc0                xTaskGetTickCount
 .text.uxTaskGetNumberOfTasks
                0x10007dcc        0xc lib/FreeRTOS-Kernel/libfreertos_kernel.a(tasks.c.obj)
                0x10007dcc                uxTaskGetNumberOfTasks
 .text.xTaskIncrementTick
                0x10007dd8      0x164 lib/FreeRTOS-Kernel/libfreertos_kernel.a(tasks.c.obj)
                0x10007dd8                xTaskIncrementTick
 .text.xTaskResumeAll
                0x10007f3c      0x140 lib/FreeRTOS-Kernel/libfreertos_kernel.a(tasks.c.obj)
                0x10007f3c                xTaskResumeAll
 .text.vTaskDelay
                0x1000807c       0x30 lib/FreeRTOS-Kernel/libfreertos_kernel.a(tasks.c.obj)
                0x1000807c                vTaskDelay
 .text.vTaskSwitchContext
                0x100080ac       0x88 lib/FreeRTOS-Kernel/libfreertos_kernel.a(tasks.c.obj)
                0x100080ac                vTaskSwitchContext
 .text.vTaskPlaceOnEventList
                0x10008134       0x24 lib/FreeRTOS-Kernel/libfreertos_kernel.a(tasks.c.obj)
                0x10008134                vTaskPlaceOnEventList
 .text.vTaskPlaceOnEventListRestricted
                0x10008158       0x48 lib/FreeRTOS-Kernel/libfreertos_kernel.a(tasks.c.obj)
                0x10008158                vTaskPlaceOnEventListRestricted
 .text.xTaskRemoveFromEventList
                0x100081a0       0xe8 lib/FreeRTOS-Kernel/libfreertos_kernel.a(tasks.c.obj)
                0x100081a0                xTaskRemoveFromEventList
 .text.vTaskInternalSetTimeOutState
                0x10008288       0x18 lib/FreeRTOS-Kernel/libfreertos_kernel.a(tasks.c.obj)
                0x10008288                vTaskInternalSetTimeOutState
 .text.xTaskCheckForTimeOut
                0x100082a0       0x6c lib/FreeRTOS-Kernel/libfreertos_kernel.a(tasks.c.obj)
                0x100082a0                xTaskCheckForTimeOut
 .text.vTaskMissedYield
                0x1000830c        0xc lib/FreeRTOS-Kernel/libfreertos_kernel.a(tasks.c.obj)
                0x1000830c                vTaskMissedYield
 .text.xTaskGetSchedulerState
                0x10008318       0x24 lib/FreeRTOS-Kernel/libfreertos_kernel.a(tasks.c.obj)
                0x10008318                xTaskGetSchedulerState
 .text.xTaskPriorityDisinherit
                0x1000833c       0x98 lib/FreeRTOS-Kernel/libfreertos_kernel.a(tasks.c.obj)
                0x1000833c                xTaskPriorityDisinherit
 .text.prvGetNextExpireTime
                0x100083d4       0x24 lib/FreeRTOS-Kernel/libfreertos_kernel.a(timers.c.obj)
 .text.prvInsertTimerInActiveList
                0x100083f8       0x48 lib/FreeRTOS-Kernel/libfreertos_kernel.a(timers.c.obj)
 .text.prvReloadTimer
                0x10008440       0x2a lib/FreeRTOS-Kernel/libfreertos_kernel.a(timers.c.obj)
 *fill*         0x1000846a        0x2 
 .text.prvProcessExpiredTimer
                0x1000846c       0x3c lib/FreeRTOS-Kernel/libfreertos_kernel.a(timers.c.obj)
 .text.prvSwitchTimerLists
                0x100084a8       0x30 lib/FreeRTOS-Kernel/libfreertos_kernel.a(timers.c.obj)
 .text.prvSampleTimeNow
                0x100084d8       0x2c lib/FreeRTOS-Kernel/libfreertos_kernel.a(timers.c.obj)
 .text.prvProcessTimerOrBlockTask
                0x10008504       0x70 lib/FreeRTOS-Kernel/libfreertos_kernel.a(timers.c.obj)
 .text.prvProcessReceivedCommands
                0x10008574       0xf0 lib/FreeRTOS-Kernel/libfreertos_kernel.a(timers.c.obj)
 .text.prvTimerTask
                0x10008664       0x16 lib/FreeRTOS-Kernel/libfreertos_kernel.a(timers.c.obj)
 *fill*         0x1000867a        0x2 
 .text.prvCheckForValidListAndQueue
                0x1000867c       0x50 lib/FreeRTOS-Kernel/libfreertos_kernel.a(timers.c.obj)
 .text.xTimerCreateTimerTask
                0x100086cc       0x44 lib/FreeRTOS-Kernel/libfreertos_kernel.a(timers.c.obj)
                0x100086cc                xTimerCreateTimerTask
 .text.xTimerPendFunctionCallFromISR
                0x10008710       0x28 lib/FreeRTOS-Kernel/libfreertos_kernel.a(timers.c.obj)
                0x10008710                xTimerPendFunctionCallFromISR
 .text.prvHeapInit
                0x10008738       0x58 lib/FreeRTOS-Kernel/libfreertos_kernel.a(heap_4.c.obj)
 .text.prvInsertBlockIntoFreeList
                0x10008790       0x70 lib/FreeRTOS-Kernel/libfreertos_kernel.a(heap_4.c.obj)
 .text.pvPortMalloc
                0x10008800      0x12c lib/FreeRTOS-Kernel/libfreertos_kernel.a(heap_4.c.obj)
                0x10008800                pvPortMalloc
 .text.vPortFree
                0x1000892c       0x78 lib/FreeRTOS-Kernel/libfreertos_kernel.a(heap_4.c.obj)
                0x1000892c                vPortFree
 .text.vListInitialise
                0x100089a4       0x16 lib/FreeRTOS-Kernel/libfreertos_kernel.a(list.c.obj)
                0x100089a4                vListInitialise
 .text.vListInitialiseItem
                0x100089ba        0x6 lib/FreeRTOS-Kernel/libfreertos_kernel.a(list.c.obj)
                0x100089ba                vListInitialiseItem
 .text.vListInsert
                0x100089c0       0x2e lib/FreeRTOS-Kernel/libfreertos_kernel.a(list.c.obj)
                0x100089c0                vListInsert
 .text.uxListRemove
                0x100089ee       0x26 lib/FreeRTOS-Kernel/libfreertos_kernel.a(list.c.obj)
                0x100089ee                uxListRemove
 *fill*         0x10008a14        0xc 
 .text.vPortStartFirstTask
                0x10008a20       0x34 lib/FreeRTOS-Kernel/portable/libfreertos_kernel_port.a(port.c.obj)
 .text.prvTaskExitError
                0x10008a54        0x6 lib/FreeRTOS-Kernel/portable/libfreertos_kernel_port.a(port.c.obj)
 *fill*         0x10008a5a        0x2 
 .text.pxPortInitialiseStack
                0x10008a5c       0x20 lib/FreeRTOS-Kernel/portable/libfreertos_kernel_port.a(port.c.obj)
                0x10008a5c                pxPortInitialiseStack
 .text.vPortYield
                0x10008a7c       0x30 lib/FreeRTOS-Kernel/portable/libfreertos_kernel_port.a(port.c.obj)
                0x10008a7c                vPortYield
 .text.prvFIFOInterruptHandler
                0x10008aac       0x78 lib/FreeRTOS-Kernel/portable/libfreertos_kernel_port.a(port.c.obj)
 .text.vPortEnterCritical
                0x10008b24       0x18 lib/FreeRTOS-Kernel/portable/libfreertos_kernel_port.a(port.c.obj)
                0x10008b24                vPortEnterCritical
 .text.vPortExitCritical
                0x10008b3c       0x20 lib/FreeRTOS-Kernel/portable/libfreertos_kernel_port.a(port.c.obj)
                0x10008b3c                vPortExitCritical
 .text.ulSetInterruptMaskFromISR
                0x10008b5c        0x8 lib/FreeRTOS-Kernel/portable/libfreertos_kernel_port.a(port.c.obj)
                0x10008b5c                ulSetInterruptMaskFromISR
 .text.vClearInterruptMaskFromISR
                0x10008b64        0x6 lib/FreeRTOS-Kernel/portable/libfreertos_kernel_port.a(port.c.obj)
                0x10008b64                vClearInterruptMaskFromISR
 *fill*         0x10008b6a        0x6 
 .text.isr_pendsv
                0x10008b70       0x64 lib/FreeRTOS-Kernel/portable/libfreertos_kernel_port.a(port.c.obj)
                0x10008b70                isr_pendsv
 .text.isr_systick
                0x10008bd4       0x24 lib/FreeRTOS-Kernel/portable/libfreertos_kernel_port.a(port.c.obj)
                0x10008bd4                isr_systick
 .text.vPortSetupTimerInterrupt
                0x10008bf8       0x34 lib/FreeRTOS-Kernel/portable/libfreertos_kernel_port.a(port.c.obj)
                0x10008bf8                vPortSetupTimerInterrupt
 .text.xPortStartScheduler
                0x10008c2c       0x80 lib/FreeRTOS-Kernel/portable/libfreertos_kernel_port.a(port.c.obj)
                0x10008c2c                xPortStartScheduler
 .text.prvRuntimeInitializer
                0x10008cac       0x50 lib/FreeRTOS-Kernel/portable/libfreertos_kernel_port.a(port.c.obj)
 .text.strlen   0x10008cfc       0x5c c:/progra~1/raspbe~1/picosd~1.1/gcc-ar~1/bin/../lib/gcc/arm-none-eabi/10.3.1/../../../../arm-none-eabi/lib/thumb/v6-m/nofp\libg.a(lib_a-strlen-stub.o)
                0x10008cfc                strlen
 *(.fini)
 .fini          0x10008d58        0x4 c:/progra~1/raspbe~1/picosd~1.1/gcc-ar~1/bin/../lib/gcc/arm-none-eabi/10.3.1/thumb/v6-m/nofp/crti.o
                0x10008d58                _fini
 *fill*         0x10008d5c        0x4 
 .fini.__stub   0x10008d60       0xe0 linker stubs
 *crtbegin.o(.ctors)
 *crtbegin?.o(.ctors)
 *(EXCLUDE_FILE(*crtend.o *crtend?.o) .ctors)
 *(SORT_BY_NAME(.ctors.*))
 *(.ctors)
 *crtbegin.o(.dtors)
 *crtbegin?.o(.dtors)
 *(EXCLUDE_FILE(*crtend.o *crtend?.o) .dtors)
 *(SORT_BY_NAME(.dtors.*))
 *(.dtors)
 *(.eh_frame*)
 .eh_frame      0x10008e40        0x0 c:/progra~1/raspbe~1/picosd~1.1/gcc-ar~1/bin/../lib/gcc/arm-none-eabi/10.3.1/thumb/v6-m/nofp/crtbegin.o
                0x10008e40                . = ALIGN (0x4)

.glue_7         0x10008e40        0x0
 .glue_7        0x10008e40        0x0 linker stubs

.glue_7t        0x10008e40        0x0
 .glue_7t       0x10008e40        0x0 linker stubs

.vfp11_veneer   0x10008e40        0x0
 .vfp11_veneer  0x10008e40        0x0 linker stubs

.v4_bx          0x10008e40        0x0
 .v4_bx         0x10008e40        0x0 linker stubs

.iplt           0x10008e40        0x0
 .iplt          0x10008e40        0x0 c:/progra~1/raspbe~1/picosd~1.1/gcc-ar~1/bin/../lib/gcc/arm-none-eabi/10.3.1/thumb/v6-m/nofp/crtbegin.o

.rodata         0x10008e40     0x1ae4
 *(EXCLUDE_FILE(*libm.a: *libc.a:*lib_a-mem*.o *libgcc.a:) .rodata*)
 .rodata._Z16scan_i2c_ao_vivov.str1.4
                0x10008e40      0x129 CMakeFiles/EcoStation_Edu.dir/src/main.cpp.obj
 *fill*         0x10008f69        0x3 
 .rodata._Z14task_principalPv.str1.4
                0x10008f6c       0x7b CMakeFiles/EcoStation_Edu.dir/src/main.cpp.obj
 *fill*         0x10008fe7        0x1 
 .rodata.main.str1.4
                0x10008fe8        0x8 CMakeFiles/EcoStation_Edu.dir/src/main.cpp.obj
 .rodata        0x10008ff0       0x19 CMakeFiles/EcoStation_Edu.dir/src/ssd1306.c.obj
 *fill*         0x10009009        0x3 
 .rodata.font   0x1000900c      0x127 CMakeFiles/EcoStation_Edu.dir/src/ssd1306.c.obj
 *fill*         0x10009133        0x1 
 .rodata.spin_lock_claim_unused.str1.4
                0x10009134       0x1b CMakeFiles/EcoStation_Edu.dir/C_/Program_Files/Raspberry_Pi/Pico_SDK_v1.5.1/pico-sdk/src/rp2_common/hardware_sync/sync.c.obj
 *fill*         0x1000914f        0x1 
 .rodata.make_branch.str1.4
                0x10009150       0x89 CMakeFiles/EcoStation_Edu.dir/C_/Program_Files/Raspberry_Pi/Pico_SDK_v1.5.1/pico-sdk/src/rp2_common/hardware_irq/irq.c.obj
 *fill*         0x100091d9        0x3 
 .rodata.insert_branch_and_link.str1.4
                0x100091dc       0x10 CMakeFiles/EcoStation_Edu.dir/C_/Program_Files/Raspberry_Pi/Pico_SDK_v1.5.1/pico-sdk/src/rp2_common/hardware_irq/irq.c.obj
 .rodata.irq_set_exclusive_handler.str1.4
                0x100091ec       0x36 CMakeFiles/EcoStation_Edu.dir/C_/Program_Files/Raspberry_Pi/Pico_SDK_v1.5.1/pico-sdk/src/rp2_common/hardware_irq/irq.c.obj
 *fill*         0x10009222        0x2 
 .rodata.irq_add_shared_handler.str1.4
                0x10009224       0xd9 CMakeFiles/EcoStation_Edu.dir/C_/Program_Files/Raspberry_Pi/Pico_SDK_v1.5.1/pico-sdk/src/rp2_common/hardware_irq/irq.c.obj
 *fill*         0x100092fd        0x3 
 .rodata.irq_remove_handler.str1.4
                0x10009300       0x3a CMakeFiles/EcoStation_Edu.dir/C_/Program_Files/Raspberry_Pi/Pico_SDK_v1.5.1/pico-sdk/src/rp2_common/hardware_irq/irq.c.obj
 *fill*         0x1000933a        0x2 
 .rodata.irq_add_tail_to_free_list.str1.4
                0x1000933c       0x3a CMakeFiles/EcoStation_Edu.dir/C_/Program_Files/Raspberry_Pi/Pico_SDK_v1.5.1/pico-sdk/src/rp2_common/hardware_irq/irq.c.obj
 *fill*         0x10009376        0x2 
 .rodata.user_irq_claim_unused.str1.4
                0x10009378       0x1b CMakeFiles/EcoStation_Edu.dir/C_/Program_Files/Raspberry_Pi/Pico_SDK_v1.5.1/pico-sdk/src/rp2_common/hardware_irq/irq.c.obj
 *fill*         0x10009393        0x1 
 .rodata.__func__.0
                0x10009394       0x1a CMakeFiles/EcoStation_Edu.dir/C_/Program_Files/Raspberry_Pi/Pico_SDK_v1.5.1/pico-sdk/src/rp2_common/hardware_irq/irq.c.obj
 *fill*         0x100093ae        0x2 
 .rodata.__func__.1
                0x100093b0       0x17 CMakeFiles/EcoStation_Edu.dir/C_/Program_Files/Raspberry_Pi/Pico_SDK_v1.5.1/pico-sdk/src/rp2_common/hardware_irq/irq.c.obj
 *fill*         0x100093c7        0x1 
 .rodata.__func__.2
                0x100093c8       0x13 CMakeFiles/EcoStation_Edu.dir/C_/Program_Files/Raspberry_Pi/Pico_SDK_v1.5.1/pico-sdk/src/rp2_common/hardware_irq/irq.c.obj
 *fill*         0x100093db        0x1 
 .rodata.__func__.3
                0x100093dc        0xc CMakeFiles/EcoStation_Edu.dir/C_/Program_Files/Raspberry_Pi/Pico_SDK_v1.5.1/pico-sdk/src/rp2_common/hardware_irq/irq.c.obj
 .rodata.__func__.4
                0x100093e8        0xf CMakeFiles/EcoStation_Edu.dir/C_/Program_Files/Raspberry_Pi/Pico_SDK_v1.5.1/pico-sdk/src/rp2_common/hardware_irq/irq.c.obj
 *fill*         0x100093f7        0x1 
 .rodata.__func__.5
                0x100093f8       0x17 CMakeFiles/EcoStation_Edu.dir/C_/Program_Files/Raspberry_Pi/Pico_SDK_v1.5.1/pico-sdk/src/rp2_common/hardware_irq/irq.c.obj
 *fill*         0x1000940f        0x1 
 .rodata.__func__.6
                0x10009410       0x1a CMakeFiles/EcoStation_Edu.dir/C_/Program_Files/Raspberry_Pi/Pico_SDK_v1.5.1/pico-sdk/src/rp2_common/hardware_irq/irq.c.obj
 *fill*         0x1000942a        0x2 
 .rodata.str1.4
                0x1000942c       0xa5 CMakeFiles/EcoStation_Edu.dir/C_/Program_Files/Raspberry_Pi/Pico_SDK_v1.5.1/pico-sdk/src/common/pico_sync/mutex.c.obj
                                0x125 (size before relaxing)
 *fill*         0x100094d1        0x3 
 .rodata.__func__.1
                0x100094d4        0xb CMakeFiles/EcoStation_Edu.dir/C_/Program_Files/Raspberry_Pi/Pico_SDK_v1.5.1/pico-sdk/src/common/pico_sync/mutex.c.obj
 *fill*         0x100094df        0x1 
 .rodata.__func__.3
                0x100094e0       0x18 CMakeFiles/EcoStation_Edu.dir/C_/Program_Files/Raspberry_Pi/Pico_SDK_v1.5.1/pico-sdk/src/common/pico_sync/mutex.c.obj
 .rodata.__func__.4
                0x100094f8       0x15 CMakeFiles/EcoStation_Edu.dir/C_/Program_Files/Raspberry_Pi/Pico_SDK_v1.5.1/pico-sdk/src/common/pico_sync/mutex.c.obj
 *fill*         0x1000950d        0x3 
 .rodata.repeating_timer_callback.str1.4
                0x10009510       0x67 CMakeFiles/EcoStation_Edu.dir/C_/Program_Files/Raspberry_Pi/Pico_SDK_v1.5.1/pico-sdk/src/common/pico_time/time.c.obj
 *fill*         0x10009577        0x1 
 .rodata.timer_pool_entry_comparator.str1.4
                0x10009578       0x22 CMakeFiles/EcoStation_Edu.dir/C_/Program_Files/Raspberry_Pi/Pico_SDK_v1.5.1/pico-sdk/src/common/pico_time/time.c.obj
 *fill*         0x1000959a        0x2 
 .rodata.ph_add_child_node.str1.4
                0x1000959c       0xb2 CMakeFiles/EcoStation_Edu.dir/C_/Program_Files/Raspberry_Pi/Pico_SDK_v1.5.1/pico-sdk/src/common/pico_time/time.c.obj
 *fill*         0x1000964e        0x2 
 .rodata.add_alarm_under_lock.str1.4
                0x10009650       0x28 CMakeFiles/EcoStation_Edu.dir/C_/Program_Files/Raspberry_Pi/Pico_SDK_v1.5.1/pico-sdk/src/common/pico_time/time.c.obj
                                 0x2b (size before relaxing)
 .rodata.alarm_pool_alarm_callback.str1.4
                0x10009678       0x98 CMakeFiles/EcoStation_Edu.dir/C_/Program_Files/Raspberry_Pi/Pico_SDK_v1.5.1/pico-sdk/src/common/pico_time/time.c.obj
                                0x118 (size before relaxing)
 .rodata.alarm_pool_get_default.str1.4
                0x10009710       0x21 CMakeFiles/EcoStation_Edu.dir/C_/Program_Files/Raspberry_Pi/Pico_SDK_v1.5.1/pico-sdk/src/common/pico_time/time.c.obj
 *fill*         0x10009731        0x3 
 .rodata.alarm_pool_cancel_alarm.str1.4
                0x10009734       0x27 CMakeFiles/EcoStation_Edu.dir/C_/Program_Files/Raspberry_Pi/Pico_SDK_v1.5.1/pico-sdk/src/common/pico_time/time.c.obj
 *fill*         0x1000975b        0x1 
 .rodata.sleep_until.str1.4
                0x1000975c       0x4d CMakeFiles/EcoStation_Edu.dir/C_/Program_Files/Raspberry_Pi/Pico_SDK_v1.5.1/pico-sdk/src/common/pico_time/time.c.obj
 *fill*         0x100097a9        0x3 
 .rodata.__func__.1
                0x100097ac       0x18 CMakeFiles/EcoStation_Edu.dir/C_/Program_Files/Raspberry_Pi/Pico_SDK_v1.5.1/pico-sdk/src/common/pico_time/time.c.obj
 .rodata.__func__.10
                0x100097c4       0x15 CMakeFiles/EcoStation_Edu.dir/C_/Program_Files/Raspberry_Pi/Pico_SDK_v1.5.1/pico-sdk/src/common/pico_time/time.c.obj
 *fill*         0x100097d9        0x3 
 .rodata.__func__.11
                0x100097dc       0x1a CMakeFiles/EcoStation_Edu.dir/C_/Program_Files/Raspberry_Pi/Pico_SDK_v1.5.1/pico-sdk/src/common/pico_time/time.c.obj
 *fill*         0x100097f6        0x2 
 .rodata.__func__.12
                0x100097f8        0xa CMakeFiles/EcoStation_Edu.dir/C_/Program_Files/Raspberry_Pi/Pico_SDK_v1.5.1/pico-sdk/src/common/pico_time/time.c.obj
 *fill*         0x10009802        0x2 
 .rodata.__func__.3
                0x10009804       0x17 CMakeFiles/EcoStation_Edu.dir/C_/Program_Files/Raspberry_Pi/Pico_SDK_v1.5.1/pico-sdk/src/common/pico_time/time.c.obj
 *fill*         0x1000981b        0x1 
 .rodata.__func__.4
                0x1000981c       0x12 CMakeFiles/EcoStation_Edu.dir/C_/Program_Files/Raspberry_Pi/Pico_SDK_v1.5.1/pico-sdk/src/common/pico_time/time.c.obj
 *fill*         0x1000982e        0x2 
 .rodata.__func__.5
                0x10009830        0xd CMakeFiles/EcoStation_Edu.dir/C_/Program_Files/Raspberry_Pi/Pico_SDK_v1.5.1/pico-sdk/src/common/pico_time/time.c.obj
 *fill*         0x1000983d        0x3 
 .rodata.__func__.6
                0x10009840       0x12 CMakeFiles/EcoStation_Edu.dir/C_/Program_Files/Raspberry_Pi/Pico_SDK_v1.5.1/pico-sdk/src/common/pico_time/time.c.obj
 *fill*         0x10009852        0x2 
 .rodata.__func__.7
                0x10009854        0xf CMakeFiles/EcoStation_Edu.dir/C_/Program_Files/Raspberry_Pi/Pico_SDK_v1.5.1/pico-sdk/src/common/pico_time/time.c.obj
 *fill*         0x10009863        0x1 
 .rodata.__func__.8
                0x10009864        0xc CMakeFiles/EcoStation_Edu.dir/C_/Program_Files/Raspberry_Pi/Pico_SDK_v1.5.1/pico-sdk/src/common/pico_time/time.c.obj
 .rodata.__func__.9
                0x10009870       0x15 CMakeFiles/EcoStation_Edu.dir/C_/Program_Files/Raspberry_Pi/Pico_SDK_v1.5.1/pico-sdk/src/common/pico_time/time.c.obj
 *fill*         0x10009885        0x3 
 .rodata.hardware_alarm_claim.str1.4
                0x10009888       0x22 CMakeFiles/EcoStation_Edu.dir/C_/Program_Files/Raspberry_Pi/Pico_SDK_v1.5.1/pico-sdk/src/rp2_common/hardware_timer/timer.c.obj
 .rodata.busy_wait_us.str1.4
                0x100098aa       0x7d CMakeFiles/EcoStation_Edu.dir/C_/Program_Files/Raspberry_Pi/Pico_SDK_v1.5.1/pico-sdk/src/rp2_common/hardware_timer/timer.c.obj
 *fill*         0x100098aa        0x2 
 .rodata.hardware_alarm_set_target.str1.4
                0x100098ac       0x81 CMakeFiles/EcoStation_Edu.dir/C_/Program_Files/Raspberry_Pi/Pico_SDK_v1.5.1/pico-sdk/src/rp2_common/hardware_timer/timer.c.obj
 *fill*         0x1000992d        0x3 
 .rodata.__func__.0
                0x10009930       0x1a CMakeFiles/EcoStation_Edu.dir/C_/Program_Files/Raspberry_Pi/Pico_SDK_v1.5.1/pico-sdk/src/rp2_common/hardware_timer/timer.c.obj
 *fill*         0x1000994a        0x2 
 .rodata.__func__.1
                0x1000994c       0x15 CMakeFiles/EcoStation_Edu.dir/C_/Program_Files/Raspberry_Pi/Pico_SDK_v1.5.1/pico-sdk/src/rp2_common/hardware_timer/timer.c.obj
 .rodata.ph_add_child_node.str1.4
                0x10009961       0xb2 CMakeFiles/EcoStation_Edu.dir/C_/Program_Files/Raspberry_Pi/Pico_SDK_v1.5.1/pico-sdk/src/common/pico_util/pheap.c.obj
 *fill*         0x10009961        0x3 
 .rodata.ph_remove_any_head.str1.4
                0x10009964       0xa8 CMakeFiles/EcoStation_Edu.dir/C_/Program_Files/Raspberry_Pi/Pico_SDK_v1.5.1/pico-sdk/src/common/pico_util/pheap.c.obj
                                 0xbc (size before relaxing)
 .rodata.ph_remove_and_free_node.str1.4
                0x10009a0c       0x1e CMakeFiles/EcoStation_Edu.dir/C_/Program_Files/Raspberry_Pi/Pico_SDK_v1.5.1/pico-sdk/src/common/pico_util/pheap.c.obj
                                 0x26 (size before relaxing)
 *fill*         0x10009a2a        0x2 
 .rodata.__func__.0
                0x10009a2c       0x18 CMakeFiles/EcoStation_Edu.dir/C_/Program_Files/Raspberry_Pi/Pico_SDK_v1.5.1/pico-sdk/src/common/pico_util/pheap.c.obj
 .rodata.__func__.1
                0x10009a44       0x13 CMakeFiles/EcoStation_Edu.dir/C_/Program_Files/Raspberry_Pi/Pico_SDK_v1.5.1/pico-sdk/src/common/pico_util/pheap.c.obj
 *fill*         0x10009a57        0x1 
 .rodata.__func__.2
                0x10009a58       0x12 CMakeFiles/EcoStation_Edu.dir/C_/Program_Files/Raspberry_Pi/Pico_SDK_v1.5.1/pico-sdk/src/common/pico_util/pheap.c.obj
 *fill*         0x10009a6a        0x2 
 .rodata.__func__.3
                0x10009a6c        0xc CMakeFiles/EcoStation_Edu.dir/C_/Program_Files/Raspberry_Pi/Pico_SDK_v1.5.1/pico-sdk/src/common/pico_util/pheap.c.obj
 .rodata.clock_configure.str1.4
                0x10009a78       0x73 CMakeFiles/EcoStation_Edu.dir/C_/Program_Files/Raspberry_Pi/Pico_SDK_v1.5.1/pico-sdk/src/rp2_common/hardware_clocks/clocks.c.obj
 *fill*         0x10009aeb        0x1 
 .rodata.__func__.1